Archive member included to satisfy reference by file (symbol)

/usr/local/Cellar/gcc-arm-none-eabi-63/20170628/bin/../lib/gcc/arm-none-eabi/6.3.1/thumb/v6-m/libgcc.a(_udivsi3.o)
                              CMakeFiles/f031.elf.dir/Drivers/STM32F0xx_HAL_Driver/Src/stm32f0xx_hal.c.obj (__aeabi_uidiv)
/usr/local/Cellar/gcc-arm-none-eabi-63/20170628/bin/../lib/gcc/arm-none-eabi/6.3.1/thumb/v6-m/libgcc.a(_dvmd_tls.o)
                              /usr/local/Cellar/gcc-arm-none-eabi-63/20170628/bin/../lib/gcc/arm-none-eabi/6.3.1/thumb/v6-m/libgcc.a(_udivsi3.o) (__aeabi_idiv0)
/usr/local/Cellar/gcc-arm-none-eabi-63/20170628/bin/../lib/gcc/arm-none-eabi/6.3.1/thumb/v6-m/libgcc.a(_aeabi_ldivmod.o)
                              CMakeFiles/f031.elf.dir/Src/bmp280.c.obj (__aeabi_ldivmod)
/usr/local/Cellar/gcc-arm-none-eabi-63/20170628/bin/../lib/gcc/arm-none-eabi/6.3.1/thumb/v6-m/libgcc.a(_muldi3.o)
                              CMakeFiles/f031.elf.dir/Src/bmp280.c.obj (__aeabi_lmul)
/usr/local/Cellar/gcc-arm-none-eabi-63/20170628/bin/../lib/gcc/arm-none-eabi/6.3.1/thumb/v6-m/libgcc.a(_fixunsdfsi.o)
                              CMakeFiles/f031.elf.dir/Src/RFM69.c.obj (__aeabi_d2uiz)
/usr/local/Cellar/gcc-arm-none-eabi-63/20170628/bin/../lib/gcc/arm-none-eabi/6.3.1/thumb/v6-m/libgcc.a(bpabi.o)
                              /usr/local/Cellar/gcc-arm-none-eabi-63/20170628/bin/../lib/gcc/arm-none-eabi/6.3.1/thumb/v6-m/libgcc.a(_aeabi_ldivmod.o) (__gnu_ldivmod_helper)
/usr/local/Cellar/gcc-arm-none-eabi-63/20170628/bin/../lib/gcc/arm-none-eabi/6.3.1/thumb/v6-m/libgcc.a(divsf3.o)
                              CMakeFiles/f031.elf.dir/Src/bmp280.c.obj (__aeabi_fdiv)
/usr/local/Cellar/gcc-arm-none-eabi-63/20170628/bin/../lib/gcc/arm-none-eabi/6.3.1/thumb/v6-m/libgcc.a(fixsfsi.o)
                              CMakeFiles/f031.elf.dir/Src/main.c.obj (__aeabi_f2iz)
/usr/local/Cellar/gcc-arm-none-eabi-63/20170628/bin/../lib/gcc/arm-none-eabi/6.3.1/thumb/v6-m/libgcc.a(floatsisf.o)
                              CMakeFiles/f031.elf.dir/Src/bmp280.c.obj (__aeabi_i2f)
/usr/local/Cellar/gcc-arm-none-eabi-63/20170628/bin/../lib/gcc/arm-none-eabi/6.3.1/thumb/v6-m/libgcc.a(floatunsisf.o)
                              CMakeFiles/f031.elf.dir/Src/bmp280.c.obj (__aeabi_ui2f)
/usr/local/Cellar/gcc-arm-none-eabi-63/20170628/bin/../lib/gcc/arm-none-eabi/6.3.1/thumb/v6-m/libgcc.a(divdf3.o)
                              CMakeFiles/f031.elf.dir/Src/RFM69.c.obj (__aeabi_ddiv)
/usr/local/Cellar/gcc-arm-none-eabi-63/20170628/bin/../lib/gcc/arm-none-eabi/6.3.1/thumb/v6-m/libgcc.a(muldf3.o)
                              CMakeFiles/f031.elf.dir/Src/RFM69.c.obj (__aeabi_dmul)
/usr/local/Cellar/gcc-arm-none-eabi-63/20170628/bin/../lib/gcc/arm-none-eabi/6.3.1/thumb/v6-m/libgcc.a(subdf3.o)
                              /usr/local/Cellar/gcc-arm-none-eabi-63/20170628/bin/../lib/gcc/arm-none-eabi/6.3.1/thumb/v6-m/libgcc.a(_fixunsdfsi.o) (__aeabi_dsub)
/usr/local/Cellar/gcc-arm-none-eabi-63/20170628/bin/../lib/gcc/arm-none-eabi/6.3.1/thumb/v6-m/libgcc.a(fixdfsi.o)
                              CMakeFiles/f031.elf.dir/Src/main.c.obj (__aeabi_d2iz)
/usr/local/Cellar/gcc-arm-none-eabi-63/20170628/bin/../lib/gcc/arm-none-eabi/6.3.1/thumb/v6-m/libgcc.a(floatunsidf.o)
                              CMakeFiles/f031.elf.dir/Src/RFM69.c.obj (__aeabi_ui2d)
/usr/local/Cellar/gcc-arm-none-eabi-63/20170628/bin/../lib/gcc/arm-none-eabi/6.3.1/thumb/v6-m/libgcc.a(extendsfdf2.o)
                              CMakeFiles/f031.elf.dir/Src/main.c.obj (__aeabi_f2d)
/usr/local/Cellar/gcc-arm-none-eabi-63/20170628/bin/../lib/gcc/arm-none-eabi/6.3.1/thumb/v6-m/libgcc.a(truncdfsf2.o)
                              CMakeFiles/f031.elf.dir/Src/main.c.obj (__aeabi_d2f)
/usr/local/Cellar/gcc-arm-none-eabi-63/20170628/bin/../lib/gcc/arm-none-eabi/6.3.1/thumb/v6-m/libgcc.a(_arm_cmpdf2.o)
                              /usr/local/Cellar/gcc-arm-none-eabi-63/20170628/bin/../lib/gcc/arm-none-eabi/6.3.1/thumb/v6-m/libgcc.a(_fixunsdfsi.o) (__aeabi_dcmpge)
/usr/local/Cellar/gcc-arm-none-eabi-63/20170628/bin/../lib/gcc/arm-none-eabi/6.3.1/thumb/v6-m/libgcc.a(_clzsi2.o)
                              /usr/local/Cellar/gcc-arm-none-eabi-63/20170628/bin/../lib/gcc/arm-none-eabi/6.3.1/thumb/v6-m/libgcc.a(divsf3.o) (__clzsi2)
/usr/local/Cellar/gcc-arm-none-eabi-63/20170628/bin/../lib/gcc/arm-none-eabi/6.3.1/thumb/v6-m/libgcc.a(_divdi3.o)
                              /usr/local/Cellar/gcc-arm-none-eabi-63/20170628/bin/../lib/gcc/arm-none-eabi/6.3.1/thumb/v6-m/libgcc.a(bpabi.o) (__divdi3)
/usr/local/Cellar/gcc-arm-none-eabi-63/20170628/bin/../lib/gcc/arm-none-eabi/6.3.1/thumb/v6-m/libgcc.a(eqdf2.o)
                              /usr/local/Cellar/gcc-arm-none-eabi-63/20170628/bin/../lib/gcc/arm-none-eabi/6.3.1/thumb/v6-m/libgcc.a(_arm_cmpdf2.o) (__eqdf2)
/usr/local/Cellar/gcc-arm-none-eabi-63/20170628/bin/../lib/gcc/arm-none-eabi/6.3.1/thumb/v6-m/libgcc.a(gedf2.o)
[...]
Memory Configuration

Name             Origin             Length             Attributes
RAM              0x0000000020000000 0x0000000000001000 xrw
FLASH            0x0000000008000000 0x0000000000008000 xr
*default*        0x0000000000000000 0xffffffffffffffff

Linker script and memory map

LOAD /usr/local/Cellar/gcc-arm-none-eabi-63/20170628/bin/../lib/gcc/arm-none-eabi/6.3.1/thumb/v6-m/crti.o
LOAD /usr/local/Cellar/gcc-arm-none-eabi-63/20170628/bin/../lib/gcc/arm-none-eabi/6.3.1/thumb/v6-m/crtbegin.o
LOAD /usr/local/Cellar/gcc-arm-none-eabi-63/20170628/bin/../lib/gcc/arm-none-eabi/6.3.1/../../../../arm-none-eabi/lib/thumb/v6-m/crt0.o
LOAD CMakeFiles/f031.elf.dir/Drivers/STM32F0xx_HAL_Driver/Src/stm32f0xx_hal.c.obj
LOAD CMakeFiles/f031.elf.dir/Drivers/STM32F0xx_HAL_Driver/Src/stm32f0xx_hal_adc.c.obj
LOAD CMakeFiles/f031.elf.dir/Drivers/STM32F0xx_HAL_Driver/Src/stm32f0xx_hal_adc_ex.c.obj
LOAD CMakeFiles/f031.elf.dir/Drivers/STM32F0xx_HAL_Driver/Src/stm32f0xx_hal_cortex.c.obj
LOAD CMakeFiles/f031.elf.dir/Drivers/STM32F0xx_HAL_Driver/Src/stm32f0xx_hal_dma.c.obj
LOAD CMakeFiles/f031.elf.dir/Drivers/STM32F0xx_HAL_Driver/Src/stm32f0xx_hal_flash.c.obj
LOAD CMakeFiles/f031.elf.dir/Drivers/STM32F0xx_HAL_Driver/Src/stm32f0xx_hal_flash_ex.c.obj
LOAD CMakeFiles/f031.elf.dir/Drivers/STM32F0xx_HAL_Driver/Src/stm32f0xx_hal_gpio.c.obj
LOAD CMakeFiles/f031.elf.dir/Drivers/STM32F0xx_HAL_Driver/Src/stm32f0xx_hal_i2c.c.obj
LOAD CMakeFiles/f031.elf.dir/Drivers/STM32F0xx_HAL_Driver/Src/stm32f0xx_hal_i2c_ex.c.obj
LOAD CMakeFiles/f031.elf.dir/Drivers/STM32F0xx_HAL_Driver/Src/stm32f0xx_hal_pwr.c.obj
LOAD CMakeFiles/f031.elf.dir/Drivers/STM32F0xx_HAL_Driver/Src/stm32f0xx_hal_pwr_ex.c.obj
LOAD CMakeFiles/f031.elf.dir/Drivers/STM32F0xx_HAL_Driver/Src/stm32f0xx_hal_rcc.c.obj
LOAD CMakeFiles/f031.elf.dir/Drivers/STM32F0xx_HAL_Driver/Src/stm32f0xx_hal_rcc_ex.c.obj
LOAD CMakeFiles/f031.elf.dir/Drivers/STM32F0xx_HAL_Driver/Src/stm32f0xx_hal_rtc.c.obj
LOAD CMakeFiles/f031.elf.dir/Drivers/STM32F0xx_HAL_Driver/Src/stm32f0xx_hal_rtc_ex.c.obj
LOAD CMakeFiles/f031.elf.dir/Drivers/STM32F0xx_HAL_Driver/Src/stm32f0xx_hal_spi.c.obj
LOAD CMakeFiles/f031.elf.dir/Drivers/STM32F0xx_HAL_Driver/Src/stm32f0xx_hal_spi_ex.c.obj
LOAD CMakeFiles/f031.elf.dir/Drivers/STM32F0xx_HAL_Driver/Src/stm32f0xx_hal_tim.c.obj
LOAD CMakeFiles/f031.elf.dir/Drivers/STM32F0xx_HAL_Driver/Src/stm32f0xx_hal_tim_ex.c.obj
LOAD CMakeFiles/f031.elf.dir/Src/RFM69.c.obj
LOAD CMakeFiles/f031.elf.dir/Src/bmp280.c.obj
LOAD CMakeFiles/f031.elf.dir/Src/control_rf69.c.obj
LOAD CMakeFiles/f031.elf.dir/Src/main.c.obj
LOAD CMakeFiles/f031.elf.dir/Src/stm32f0xx_hal_msp.c.obj
LOAD CMakeFiles/f031.elf.dir/Src/stm32f0xx_it.c.obj
LOAD CMakeFiles/f031.elf.dir/Src/system_stm32f0xx.c.obj
LOAD CMakeFiles/f031.elf.dir/startup/startup_stm32f031x6.s.obj
START GROUP
LOAD /usr/local/Cellar/gcc-arm-none-eabi-63/20170628/bin/../lib/gcc/arm-none-eabi/6.3.1/thumb/v6-m/libgcc.a
LOAD /usr/local/Cellar/gcc-arm-none-eabi-63/20170628/bin/../lib/gcc/arm-none-eabi/6.3.1/../../../../arm-none-eabi/lib/thumb/v6-m/libg_nano.a
LOAD /usr/local/Cellar/gcc-arm-none-eabi-63/20170628/bin/../lib/gcc/arm-none-eabi/6.3.1/../../../../arm-none-eabi/lib/thumb/v6-m/libc_nano.a
END GROUP
START GROUP
LOAD /usr/local/Cellar/gcc-arm-none-eabi-63/20170628/bin/../lib/gcc/arm-none-eabi/6.3.1/thumb/v6-m/libgcc.a
LOAD /usr/local/Cellar/gcc-arm-none-eabi-63/20170628/bin/../lib/gcc/arm-none-eabi/6.3.1/../../../../arm-none-eabi/lib/thumb/v6-m/libc_nano.a
LOAD /usr/local/Cellar/gcc-arm-none-eabi-63/20170628/bin/../lib/gcc/arm-none-eabi/6.3.1/../../../../arm-none-eabi/lib/thumb/v6-m/libnosys.a
END GROUP
START GROUP
LOAD /usr/local/Cellar/gcc-arm-none-eabi-63/20170628/bin/../lib/gcc/arm-none-eabi/6.3.1/thumb/v6-m/libgcc.a
LOAD /usr/local/Cellar/gcc-arm-none-eabi-63/20170628/bin/../lib/gcc/arm-none-eabi/6.3.1/../../../../arm-none-eabi/lib/thumb/v6-m/libc_nano.a
LOAD /usr/local/Cellar/gcc-arm-none-eabi-63/20170628/bin/../lib/gcc/arm-none-eabi/6.3.1/../../../../arm-none-eabi/lib/thumb/v6-m/libnosys.a
END GROUP
LOAD /usr/local/Cellar/gcc-arm-none-eabi-63/20170628/bin/../lib/gcc/arm-none-eabi/6.3.1/thumb/v6-m/crtend.o
LOAD /usr/local/Cellar/gcc-arm-none-eabi-63/20170628/bin/../lib/gcc/arm-none-eabi/6.3.1/thumb/v6-m/crtn.o
                0x0000000020001000                _estack = 0x20001000
                0x0000000000000200                _Min_Heap_Size = 0x200
                0x0000000000000400                _Min_Stack_Size = 0x400

.isr_vector     0x0000000008000000       0xc0
                0x0000000008000000                . = ALIGN (0x4)
 *(.isr_vector)
 .isr_vector    0x0000000008000000       0xc0 CMakeFiles/f031.elf.dir/startup/startup_stm32f031x6.s.obj
                0x0000000008000000                g_pfnVectors
                0x00000000080000c0                . = ALIGN (0x4)

.text           0x00000000080000c0     0x7288
                0x00000000080000c0                . = ALIGN (0x4)
 *(.text)
 .text          0x00000000080000c0       0x60 /usr/local/Cellar/gcc-arm-none-eabi-63/20170628/bin/../lib/gcc/arm-none-eabi/6.3.1/thumb/v6-m/crtbegin.o
 .text          0x0000000008000120      0x114 /usr/local/Cellar/gcc-arm-none-eabi-63/20170628/bin/../lib/gcc/arm-none-eabi/6.3.1/thumb/v6-m/libgcc.a(_udivsi3.o)
                0x0000000008000120                __udivsi3
                0x0000000008000120                __aeabi_uidiv
                0x000000000800022c                __aeabi_uidivmod
 .text          0x0000000008000234        0x4 /usr/local/Cellar/gcc-arm-none-eabi-63/20170628/bin/../lib/gcc/arm-none-eabi/6.3.1/thumb/v6-m/libgcc.a(_dvmd_tls.o)
                0x0000000008000234                __aeabi_ldiv0
                0x0000000008000234                __aeabi_idiv0
 .text          0x0000000008000238       0x48 /usr/local/Cellar/gcc-arm-none-eabi-63/20170628/bin/../lib/gcc/arm-none-eabi/6.3.1/thumb/v6-m/libgcc.a(_aeabi_ldivmod.o)
                0x0000000008000238                __aeabi_ldivmod
 .text          0x0000000008000280       0x54 /usr/local/Cellar/gcc-arm-none-eabi-63/20170628/bin/../lib/gcc/arm-none-eabi/6.3.1/thumb/v6-m/libgcc.a(_muldi3.o)
                0x0000000008000280                __aeabi_lmul
                0x0000000008000280                __muldi3
 .text          0x00000000080002d4       0x38 /usr/local/Cellar/gcc-arm-none-eabi-63/20170628/bin/../lib/gcc/arm-none-eabi/6.3.1/thumb/v6-m/libgcc.a(bpabi.o)
                0x00000000080002d4                __gnu_ldivmod_helper
 .text          0x000000000800030c      0x290 /usr/local/Cellar/gcc-arm-none-eabi-63/20170628/bin/../lib/gcc/arm-none-eabi/6.3.1/thumb/v6-m/libgcc.a(divsf3.o)
                0x000000000800030c                __aeabi_fdiv
 .text          0x000000000800059c       0x40 /usr/local/Cellar/gcc-arm-none-eabi-63/20170628/bin/../lib/gcc/arm-none-eabi/6.3.1/thumb/v6-m/libgcc.a(fixsfsi.o)
                0x000000000800059c                __aeabi_f2iz
 .text          0x00000000080005dc       0xa0 /usr/local/Cellar/gcc-arm-none-eabi-63/20170628/bin/../lib/gcc/arm-none-eabi/6.3.1/thumb/v6-m/libgcc.a(floatsisf.o)
                0x00000000080005dc                __aeabi_i2f
 .text          0x000000000800067c       0x8c /usr/local/Cellar/gcc-arm-none-eabi-63/20170628/bin/../lib/gcc/arm-none-eabi/6.3.1/thumb/v6-m/libgcc.a(floatunsisf.o)
                0x000000000800067c                __aeabi_ui2f
 .text          0x0000000008000708      0x668 /usr/local/Cellar/gcc-arm-none-eabi-63/20170628/bin/../lib/gcc/arm-none-eabi/6.3.1/thumb/v6-m/libgcc.a(divdf3.o)
                0x0000000008000708                __aeabi_ddiv
 .text          0x0000000008000d70      0x500 /usr/local/Cellar/gcc-arm-none-eabi-63/20170628/bin/../lib/gcc/arm-none-eabi/6.3.1/thumb/v6-m/libgcc.a(muldf3.o)
                0x0000000008000d70                __aeabi_dmul
 .text          0x0000000008001270       0x68 /usr/local/Cellar/gcc-arm-none-eabi-63/20170628/bin/../lib/gcc/arm-none-eabi/6.3.1/thumb/v6-m/libgcc.a(fixdfsi.o)
                0x0000000008001270                __aeabi_d2iz
 .text          0x00000000080012d8       0x70 /usr/local/Cellar/gcc-arm-none-eabi-63/20170628/bin/../lib/gcc/arm-none-eabi/6.3.1/thumb/v6-m/libgcc.a(floatunsidf.o)
                0x00000000080012d8                __aeabi_ui2d
 .text          0x0000000008001348       0xa4 /usr/local/Cellar/gcc-arm-none-eabi-63/20170628/bin/../lib/gcc/arm-none-eabi/6.3.1/thumb/v6-m/libgcc.a(extendsfdf2.o)
                0x0000000008001348                __aeabi_f2d
 .text          0x00000000080013ec      0x114 /usr/local/Cellar/gcc-arm-none-eabi-63/20170628/bin/../lib/gcc/arm-none-eabi/6.3.1/thumb/v6-m/libgcc.a(truncdfsf2.o)
                0x00000000080013ec                __aeabi_d2f
 .text          0x0000000008001500       0x3c /usr/local/Cellar/gcc-arm-none-eabi-63/20170628/bin/../lib/gcc/arm-none-eabi/6.3.1/thumb/v6-m/libgcc.a(_clzsi2.o)
                0x0000000008001500                __clzsi2
 .text          0x000000000800153c      0x1b8 /usr/local/Cellar/gcc-arm-none-eabi-63/20170628/bin/../lib/gcc/arm-none-eabi/6.3.1/thumb/v6-m/libgcc.a(_divdi3.o)
                0x000000000800153c                __divdi3
 .text          0x00000000080016f4       0x18 /usr/local/Cellar/gcc-arm-none-eabi-63/20170628/bin/../lib/gcc/arm-none-eabi/6.3.1/thumb/v6-m/libgcc.a(_clzdi2.o)
                0x00000000080016f4                __clzdi2
 *(.text*)
 .text.HAL_Init
                0x000000000800170c       0x28 CMakeFiles/f031.elf.dir/Drivers/STM32F0xx_HAL_Driver/Src/stm32f0xx_hal.c.obj
                0x000000000800170c                HAL_Init
 .text.HAL_InitTick
                0x0000000008001734       0x38 CMakeFiles/f031.elf.dir/Drivers/STM32F0xx_HAL_Driver/Src/stm32f0xx_hal.c.obj
                0x0000000008001734                HAL_InitTick
 .text.HAL_IncTick
                0x000000000800176c       0x18 CMakeFiles/f031.elf.dir/Drivers/STM32F0xx_HAL_Driver/Src/stm32f0xx_hal.c.obj
                0x000000000800176c                HAL_IncTick
 .text.HAL_GetTick
                0x0000000008001784       0x14 CMakeFiles/f031.elf.dir/Drivers/STM32F0xx_HAL_Driver/Src/stm32f0xx_hal.c.obj
                0x0000000008001784                HAL_GetTick
 .text.HAL_Delay
                0x0000000008001798       0x3a CMakeFiles/f031.elf.dir/Drivers/STM32F0xx_HAL_Driver/Src/stm32f0xx_hal.c.obj
                0x0000000008001798                HAL_Delay
 *fill*         0x00000000080017d2        0x2 
 .text.HAL_ADC_Init
                0x00000000080017d4      0x27c CMakeFiles/f031.elf.dir/Drivers/STM32F0xx_HAL_Driver/Src/stm32f0xx_hal_adc.c.obj
                0x00000000080017d4                HAL_ADC_Init
 .text.HAL_ADC_Start_DMA
                0x0000000008001a50      0x104 CMakeFiles/f031.elf.dir/Drivers/STM32F0xx_HAL_Driver/Src/stm32f0xx_hal_adc.c.obj
                0x0000000008001a50                HAL_ADC_Start_DMA
 .text.HAL_ADC_GetValue
                0x0000000008001b54       0x16 CMakeFiles/f031.elf.dir/Drivers/STM32F0xx_HAL_Driver/Src/stm32f0xx_hal_adc.c.obj
                0x0000000008001b54                HAL_ADC_GetValue
 .text.HAL_ADC_ConvHalfCpltCallback
                0x0000000008001b6a       0x10 CMakeFiles/f031.elf.dir/Drivers/STM32F0xx_HAL_Driver/Src/stm32f0xx_hal_adc.c.obj
                0x0000000008001b6a                HAL_ADC_ConvHalfCpltCallback
 .text.HAL_ADC_ErrorCallback
                0x0000000008001b7a       0x10 CMakeFiles/f031.elf.dir/Drivers/STM32F0xx_HAL_Driver/Src/stm32f0xx_hal_adc.c.obj
                0x0000000008001b7a                HAL_ADC_ErrorCallback
 *fill*         0x0000000008001b8a        0x2 
 .text.HAL_ADC_ConfigChannel
                0x0000000008001b8c      0x21c CMakeFiles/f031.elf.dir/Drivers/STM32F0xx_HAL_Driver/Src/stm32f0xx_hal_adc.c.obj
                0x0000000008001b8c                HAL_ADC_ConfigChannel
 .text.ADC_Enable
                0x0000000008001da8       0xf8 CMakeFiles/f031.elf.dir/Drivers/STM32F0xx_HAL_Driver/Src/stm32f0xx_hal_adc.c.obj
 .text.ADC_DMAConvCplt
                0x0000000008001ea0       0xb4 CMakeFiles/f031.elf.dir/Drivers/STM32F0xx_HAL_Driver/Src/stm32f0xx_hal_adc.c.obj
 .text.ADC_DMAHalfConvCplt
                0x0000000008001f54       0x1e CMakeFiles/f031.elf.dir/Drivers/STM32F0xx_HAL_Driver/Src/stm32f0xx_hal_adc.c.obj
 .text.ADC_DMAError
                0x0000000008001f72       0x36 CMakeFiles/f031.elf.dir/Drivers/STM32F0xx_HAL_Driver/Src/stm32f0xx_hal_adc.c.obj
 .text.HAL_ADCEx_Calibration_Start
                0x0000000008001fa8      0x134 CMakeFiles/f031.elf.dir/Drivers/STM32F0xx_HAL_Driver/Src/stm32f0xx_hal_adc_ex.c.obj
                0x0000000008001fa8                HAL_ADCEx_Calibration_Start
 .text.NVIC_EnableIRQ
                0x00000000080020dc       0x2c CMakeFiles/f031.elf.dir/Drivers/STM32F0xx_HAL_Driver/Src/stm32f0xx_hal_cortex.c.obj
 .text.NVIC_DisableIRQ
                0x0000000008002108       0x30 CMakeFiles/f031.elf.dir/Drivers/STM32F0xx_HAL_Driver/Src/stm32f0xx_hal_cortex.c.obj
 .text.NVIC_SetPriority
                0x0000000008002138       0xdc CMakeFiles/f031.elf.dir/Drivers/STM32F0xx_HAL_Driver/Src/stm32f0xx_hal_cortex.c.obj
 .text.SysTick_Config
                0x0000000008002214       0x48 CMakeFiles/f031.elf.dir/Drivers/STM32F0xx_HAL_Driver/Src/stm32f0xx_hal_cortex.c.obj
 .text.HAL_NVIC_SetPriority
                0x000000000800225c       0x2c CMakeFiles/f031.elf.dir/Drivers/STM32F0xx_HAL_Driver/Src/stm32f0xx_hal_cortex.c.obj
                0x000000000800225c                HAL_NVIC_SetPriority
 .text.HAL_NVIC_EnableIRQ
                0x0000000008002288       0x20 CMakeFiles/f031.elf.dir/Drivers/STM32F0xx_HAL_Driver/Src/stm32f0xx_hal_cortex.c.obj
                0x0000000008002288                HAL_NVIC_EnableIRQ
 .text.HAL_NVIC_DisableIRQ
                0x00000000080022a8       0x20 CMakeFiles/f031.elf.dir/Drivers/STM32F0xx_HAL_Driver/Src/stm32f0xx_hal_cortex.c.obj
                0x00000000080022a8                HAL_NVIC_DisableIRQ
 .text.HAL_SYSTICK_Config
                0x00000000080022c8       0x1a CMakeFiles/f031.elf.dir/Drivers/STM32F0xx_HAL_Driver/Src/stm32f0xx_hal_cortex.c.obj
                0x00000000080022c8                HAL_SYSTICK_Config
 *fill*         0x00000000080022e2        0x2 
 .text.HAL_SYSTICK_CLKSourceConfig
                0x00000000080022e4       0x34 CMakeFiles/f031.elf.dir/Drivers/STM32F0xx_HAL_Driver/Src/stm32f0xx_hal_cortex.c.obj
                0x00000000080022e4                HAL_SYSTICK_CLKSourceConfig
 .text.HAL_SYSTICK_IRQHandler
                0x0000000008002318        0xe CMakeFiles/f031.elf.dir/Drivers/STM32F0xx_HAL_Driver/Src/stm32f0xx_hal_cortex.c.obj
                0x0000000008002318                HAL_SYSTICK_IRQHandler
 .text.HAL_SYSTICK_Callback
                0x0000000008002326        0xa CMakeFiles/f031.elf.dir/Drivers/STM32F0xx_HAL_Driver/Src/stm32f0xx_hal_cortex.c.obj
                0x0000000008002326                HAL_SYSTICK_Callback
 .text.HAL_DMA_Init
                0x0000000008002330       0xa8 CMakeFiles/f031.elf.dir/Drivers/STM32F0xx_HAL_Driver/Src/stm32f0xx_hal_dma.c.obj
                0x0000000008002330                HAL_DMA_Init
 .text.HAL_DMA_Start_IT
                0x00000000080023d8       0xcc CMakeFiles/f031.elf.dir/Drivers/STM32F0xx_HAL_Driver/Src/stm32f0xx_hal_dma.c.obj
                0x00000000080023d8                HAL_DMA_Start_IT
 .text.HAL_DMA_IRQHandler
                0x00000000080024a4      0x144 CMakeFiles/f031.elf.dir/Drivers/STM32F0xx_HAL_Driver/Src/stm32f0xx_hal_dma.c.obj
                0x00000000080024a4                HAL_DMA_IRQHandler
 .text.DMA_SetConfig
                0x00000000080025e8       0x58 CMakeFiles/f031.elf.dir/Drivers/STM32F0xx_HAL_Driver/Src/stm32f0xx_hal_dma.c.obj
 .text.DMA_CalcBaseAndBitshift
                0x0000000008002640       0x38 CMakeFiles/f031.elf.dir/Drivers/STM32F0xx_HAL_Driver/Src/stm32f0xx_hal_dma.c.obj
 .text.HAL_GPIO_Init
                0x0000000008002678      0x2d8 CMakeFiles/f031.elf.dir/Drivers/STM32F0xx_HAL_Driver/Src/stm32f0xx_hal_gpio.c.obj
                0x0000000008002678                HAL_GPIO_Init
 .text.HAL_GPIO_ReadPin
                0x0000000008002950       0x3a CMakeFiles/f031.elf.dir/Drivers/STM32F0xx_HAL_Driver/Src/stm32f0xx_hal_gpio.c.obj
                0x0000000008002950                HAL_GPIO_ReadPin
 .text.HAL_GPIO_WritePin
                0x000000000800298a       0x3a CMakeFiles/f031.elf.dir/Drivers/STM32F0xx_HAL_Driver/Src/stm32f0xx_hal_gpio.c.obj
                0x000000000800298a                HAL_GPIO_WritePin
 .text.HAL_GPIO_EXTI_IRQHandler
                0x00000000080029c4       0x38 CMakeFiles/f031.elf.dir/Drivers/STM32F0xx_HAL_Driver/Src/stm32f0xx_hal_gpio.c.obj
                0x00000000080029c4                HAL_GPIO_EXTI_IRQHandler
 .text.HAL_GPIO_EXTI_Callback
                0x00000000080029fc       0x14 CMakeFiles/f031.elf.dir/Drivers/STM32F0xx_HAL_Driver/Src/stm32f0xx_hal_gpio.c.obj
                0x00000000080029fc                HAL_GPIO_EXTI_Callback
 .text.HAL_I2C_Init
                0x0000000008002a10      0x12c CMakeFiles/f031.elf.dir/Drivers/STM32F0xx_HAL_Driver/Src/stm32f0xx_hal_i2c.c.obj
                0x0000000008002a10                HAL_I2C_Init
 .text.HAL_I2C_Mem_Write
                0x0000000008002b3c      0x280 CMakeFiles/f031.elf.dir/Drivers/STM32F0xx_HAL_Driver/Src/stm32f0xx_hal_i2c.c.obj
                0x0000000008002b3c                HAL_I2C_Mem_Write
 .text.HAL_I2C_Mem_Read
                0x0000000008002dbc      0x280 CMakeFiles/f031.elf.dir/Drivers/STM32F0xx_HAL_Driver/Src/stm32f0xx_hal_i2c.c.obj
                0x0000000008002dbc                HAL_I2C_Mem_Read
 .text.I2C_RequestMemoryWrite
                0x000000000800303c       0xde CMakeFiles/f031.elf.dir/Drivers/STM32F0xx_HAL_Driver/Src/stm32f0xx_hal_i2c.c.obj
 .text.I2C_RequestMemoryRead
                0x000000000800311a       0xda CMakeFiles/f031.elf.dir/Drivers/STM32F0xx_HAL_Driver/Src/stm32f0xx_hal_i2c.c.obj
 .text.I2C_Flush_TXDR
                0x00000000080031f4       0x44 CMakeFiles/f031.elf.dir/Drivers/STM32F0xx_HAL_Driver/Src/stm32f0xx_hal_i2c.c.obj
 .text.I2C_WaitOnFlagUntilTimeout
                0x0000000008003238       0x72 CMakeFiles/f031.elf.dir/Drivers/STM32F0xx_HAL_Driver/Src/stm32f0xx_hal_i2c.c.obj
 .text.I2C_WaitOnTXISFlagUntilTimeout
                0x00000000080032aa       0x7e CMakeFiles/f031.elf.dir/Drivers/STM32F0xx_HAL_Driver/Src/stm32f0xx_hal_i2c.c.obj
 .text.I2C_WaitOnSTOPFlagUntilTimeout
                0x0000000008003328       0x78 CMakeFiles/f031.elf.dir/Drivers/STM32F0xx_HAL_Driver/Src/stm32f0xx_hal_i2c.c.obj
 .text.I2C_IsAcknowledgeFailed
                0x00000000080033a0       0xbc CMakeFiles/f031.elf.dir/Drivers/STM32F0xx_HAL_Driver/Src/stm32f0xx_hal_i2c.c.obj
 .text.I2C_TransferConfig
                0x000000000800345c       0x70 CMakeFiles/f031.elf.dir/Drivers/STM32F0xx_HAL_Driver/Src/stm32f0xx_hal_i2c.c.obj
 .text.HAL_I2CEx_ConfigAnalogFilter
                0x00000000080034cc       0x98 CMakeFiles/f031.elf.dir/Drivers/STM32F0xx_HAL_Driver/Src/stm32f0xx_hal_i2c_ex.c.obj
                0x00000000080034cc                HAL_I2CEx_ConfigAnalogFilter
 .text.HAL_I2CEx_ConfigDigitalFilter
                0x0000000008003564       0x9c CMakeFiles/f031.elf.dir/Drivers/STM32F0xx_HAL_Driver/Src/stm32f0xx_hal_i2c_ex.c.obj
                0x0000000008003564                HAL_I2CEx_ConfigDigitalFilter
 .text.HAL_PWR_EnterSTANDBYMode
                0x0000000008003600       0x2c CMakeFiles/f031.elf.dir/Drivers/STM32F0xx_HAL_Driver/Src/stm32f0xx_hal_pwr.c.obj
                0x0000000008003600                HAL_PWR_EnterSTANDBYMode
 .text.HAL_RCC_OscConfig
                0x000000000800362c      0x5e8 CMakeFiles/f031.elf.dir/Drivers/STM32F0xx_HAL_Driver/Src/stm32f0xx_hal_rcc.c.obj
                0x000000000800362c                HAL_RCC_OscConfig
 .text.HAL_RCC_ClockConfig
                0x0000000008003c14      0x1cc CMakeFiles/f031.elf.dir/Drivers/STM32F0xx_HAL_Driver/Src/stm32f0xx_hal_rcc.c.obj
                0x0000000008003c14                HAL_RCC_ClockConfig
 .text.HAL_RCC_GetSysClockFreq
                0x0000000008003de0       0xc0 CMakeFiles/f031.elf.dir/Drivers/STM32F0xx_HAL_Driver/Src/stm32f0xx_hal_rcc.c.obj
                0x0000000008003de0                HAL_RCC_GetSysClockFreq
 .text.HAL_RCC_GetHCLKFreq
                0x0000000008003ea0       0x14 CMakeFiles/f031.elf.dir/Drivers/STM32F0xx_HAL_Driver/Src/stm32f0xx_hal_rcc.c.obj
                0x0000000008003ea0                HAL_RCC_GetHCLKFreq
 .text.HAL_RCCEx_PeriphCLKConfig
                0x0000000008003eb4      0x19c CMakeFiles/f031.elf.dir/Drivers/STM32F0xx_HAL_Driver/Src/stm32f0xx_hal_rcc_ex.c.obj
                0x0000000008003eb4                HAL_RCCEx_PeriphCLKConfig
 .text.HAL_RTC_Init
                0x0000000008004050      0x128 CMakeFiles/f031.elf.dir/Drivers/STM32F0xx_HAL_Driver/Src/stm32f0xx_hal_rtc.c.obj
                0x0000000008004050                HAL_RTC_Init
 .text.HAL_RTC_SetTime
                0x0000000008004178      0x188 CMakeFiles/f031.elf.dir/Drivers/STM32F0xx_HAL_Driver/Src/stm32f0xx_hal_rtc.c.obj
                0x0000000008004178                HAL_RTC_SetTime
 .text.HAL_RTC_SetDate
                0x0000000008004300      0x168 CMakeFiles/f031.elf.dir/Drivers/STM32F0xx_HAL_Driver/Src/stm32f0xx_hal_rtc.c.obj
                0x0000000008004300                HAL_RTC_SetDate
 .text.HAL_RTC_SetAlarm_IT
                0x0000000008004468      0x220 CMakeFiles/f031.elf.dir/Drivers/STM32F0xx_HAL_Driver/Src/stm32f0xx_hal_rtc.c.obj
                0x0000000008004468                HAL_RTC_SetAlarm_IT
 .text.HAL_RTC_AlarmIRQHandler
                0x0000000008004688       0x60 CMakeFiles/f031.elf.dir/Drivers/STM32F0xx_HAL_Driver/Src/stm32f0xx_hal_rtc.c.obj
                0x0000000008004688                HAL_RTC_AlarmIRQHandler
 .text.HAL_RTC_AlarmAEventCallback
                0x00000000080046e8       0x10 CMakeFiles/f031.elf.dir/Drivers/STM32F0xx_HAL_Driver/Src/stm32f0xx_hal_rtc.c.obj
                0x00000000080046e8                HAL_RTC_AlarmAEventCallback
 .text.HAL_RTC_WaitForSynchro
                0x00000000080046f8       0x52 CMakeFiles/f031.elf.dir/Drivers/STM32F0xx_HAL_Driver/Src/stm32f0xx_hal_rtc.c.obj
                0x00000000080046f8                HAL_RTC_WaitForSynchro
 .text.RTC_EnterInitMode
                0x000000000800474a       0x58 CMakeFiles/f031.elf.dir/Drivers/STM32F0xx_HAL_Driver/Src/stm32f0xx_hal_rtc.c.obj
                0x000000000800474a                RTC_EnterInitMode
 .text.RTC_ByteToBcd2
                0x00000000080047a2       0x42 CMakeFiles/f031.elf.dir/Drivers/STM32F0xx_HAL_Driver/Src/stm32f0xx_hal_rtc.c.obj
                0x00000000080047a2                RTC_ByteToBcd2
 .text.RTC_Bcd2ToByte
                0x00000000080047e4       0x3e CMakeFiles/f031.elf.dir/Drivers/STM32F0xx_HAL_Driver/Src/stm32f0xx_hal_rtc.c.obj
                0x00000000080047e4                RTC_Bcd2ToByte
 *fill*         0x0000000008004822        0x2 
 .text.HAL_SPI_Init
                0x0000000008004824      0x130 CMakeFiles/f031.elf.dir/Drivers/STM32F0xx_HAL_Driver/Src/stm32f0xx_hal_spi.c.obj
                0x0000000008004824                HAL_SPI_Init
 .text.HAL_SPI_TransmitReceive
                0x0000000008004954      0x428 CMakeFiles/f031.elf.dir/Drivers/STM32F0xx_HAL_Driver/Src/stm32f0xx_hal_spi.c.obj
                0x0000000008004954                HAL_SPI_TransmitReceive
 .text.SPI_WaitFlagStateUntilTimeout
                0x0000000008004d7c       0xdc CMakeFiles/f031.elf.dir/Drivers/STM32F0xx_HAL_Driver/Src/stm32f0xx_hal_spi.c.obj
 .text.SPI_WaitFifoStateUntilTimeout
                0x0000000008004e58       0xf8 CMakeFiles/f031.elf.dir/Drivers/STM32F0xx_HAL_Driver/Src/stm32f0xx_hal_spi.c.obj
 .text.SPI_EndRxTxTransaction
                0x0000000008004f50       0x8c CMakeFiles/f031.elf.dir/Drivers/STM32F0xx_HAL_Driver/Src/stm32f0xx_hal_spi.c.obj
 .text.RFM69_setMode
                0x0000000008004fdc      0x110 CMakeFiles/f031.elf.dir/Src/RFM69.c.obj
                0x0000000008004fdc                RFM69_setMode
 .text.RFM69_setHighPower
                0x00000000080050ec       0x3c CMakeFiles/f031.elf.dir/Src/RFM69.c.obj
                0x00000000080050ec                RFM69_setHighPower
 .text.RFM69_initialize
                0x0000000008005128      0x2a8 CMakeFiles/f031.elf.dir/Src/RFM69.c.obj
                0x0000000008005128                RFM69_initialize
 .text.RFM69_sleep
                0x00000000080053d0       0x10 CMakeFiles/f031.elf.dir/Src/RFM69.c.obj
                0x00000000080053d0                RFM69_sleep
 .text.RFM69_setPowerLevel
                0x00000000080053e0       0x5c CMakeFiles/f031.elf.dir/Src/RFM69.c.obj
                0x00000000080053e0                RFM69_setPowerLevel
 .text.RFM69_canSend
                0x000000000800543c       0x3c CMakeFiles/f031.elf.dir/Src/RFM69.c.obj
                0x000000000800543c                RFM69_canSend
 .text.RFM69_send
                0x0000000008005478       0x70 CMakeFiles/f031.elf.dir/Src/RFM69.c.obj
                0x0000000008005478                RFM69_send
 .text.RFM69_sendFrame
                0x00000000080054e8      0x134 CMakeFiles/f031.elf.dir/Src/RFM69.c.obj
 .text.RFM69_interruptHandler
                0x000000000800561c      0x180 CMakeFiles/f031.elf.dir/Src/RFM69.c.obj
                0x000000000800561c                RFM69_interruptHandler
 .text.RFM69_receiveBegin
                0x000000000800579c       0x88 CMakeFiles/f031.elf.dir/Src/RFM69.c.obj
                0x000000000800579c                RFM69_receiveBegin
 .text.RFM69_receiveDone
                0x0000000008005824       0x54 CMakeFiles/f031.elf.dir/Src/RFM69.c.obj
                0x0000000008005824                RFM69_receiveDone
 .text.RFM69_encrypt
                0x0000000008005878       0x86 CMakeFiles/f031.elf.dir/Src/RFM69.c.obj
                0x0000000008005878                RFM69_encrypt
 *fill*         0x00000000080058fe        0x2 
 .text.RFM69_readRSSI
                0x0000000008005900       0x68 CMakeFiles/f031.elf.dir/Src/RFM69.c.obj
                0x0000000008005900                RFM69_readRSSI
 .text.RFM69_promiscuous
                0x0000000008005968       0x20 CMakeFiles/f031.elf.dir/Src/RFM69.c.obj
                0x0000000008005968                RFM69_promiscuous
 .text.RFM69_setHighPowerRegs
                0x0000000008005988       0x40 CMakeFiles/f031.elf.dir/Src/RFM69.c.obj
                0x0000000008005988                RFM69_setHighPowerRegs
 .text.RFM69_readReg
                0x00000000080059c8       0x40 CMakeFiles/f031.elf.dir/Src/RFM69.c.obj
                0x00000000080059c8                RFM69_readReg
 .text.RFM69_writeReg
                0x0000000008005a08       0x3e CMakeFiles/f031.elf.dir/Src/RFM69.c.obj
                0x0000000008005a08                RFM69_writeReg
 .text.RFM69_select
                0x0000000008005a46       0x14 CMakeFiles/f031.elf.dir/Src/RFM69.c.obj
                0x0000000008005a46                RFM69_select
 .text.RFM69_unselect
                0x0000000008005a5a       0x14 CMakeFiles/f031.elf.dir/Src/RFM69.c.obj
                0x0000000008005a5a                RFM69_unselect
 .text.bmp280_init_default_params
                0x0000000008005a6e       0x34 CMakeFiles/f031.elf.dir/Src/bmp280.c.obj
                0x0000000008005a6e                bmp280_init_default_params
 .text.bmp280_sleep
                0x0000000008005aa2       0x16 CMakeFiles/f031.elf.dir/Src/bmp280.c.obj
                0x0000000008005aa2                bmp280_sleep
 .text.read_register16
                0x0000000008005ab8       0x72 CMakeFiles/f031.elf.dir/Src/bmp280.c.obj
 .text.read_data
                0x0000000008005b2a       0x68 CMakeFiles/f031.elf.dir/Src/bmp280.c.obj
 .text.read_calibration_data
                0x0000000008005b92      0x100 CMakeFiles/f031.elf.dir/Src/bmp280.c.obj
 .text.read_hum_calibration_data
                0x0000000008005c92       0xc4 CMakeFiles/f031.elf.dir/Src/bmp280.c.obj
 *fill*         0x0000000008005d56        0x2 
 .text.write_register8
                0x0000000008005d58       0x5c CMakeFiles/f031.elf.dir/Src/bmp280.c.obj
 .text.bmp280_init
                0x0000000008005db4      0x174 CMakeFiles/f031.elf.dir/Src/bmp280.c.obj
                0x0000000008005db4                bmp280_init
 .text.compensate_temperature
                0x0000000008005f28       0x68 CMakeFiles/f031.elf.dir/Src/bmp280.c.obj
 .text.compensate_pressure
                0x0000000008005f90      0x3a8 CMakeFiles/f031.elf.dir/Src/bmp280.c.obj
 .text.compensate_humidity
                0x0000000008006338       0xc4 CMakeFiles/f031.elf.dir/Src/bmp280.c.obj
 .text.bmp280_read_fixed
                0x00000000080063fc       0xe8 CMakeFiles/f031.elf.dir/Src/bmp280.c.obj
                0x00000000080063fc                bmp280_read_fixed
 .text.bmp280_read_float
                0x00000000080064e4       0x98 CMakeFiles/f031.elf.dir/Src/bmp280.c.obj
                0x00000000080064e4                bmp280_read_float
 .text.noInterrupts
                0x000000000800657c       0x10 CMakeFiles/f031.elf.dir/Src/control_rf69.c.obj
                0x000000000800657c                noInterrupts
 .text.interrupts
                0x000000000800658c       0x10 CMakeFiles/f031.elf.dir/Src/control_rf69.c.obj
                0x000000000800658c                interrupts
 .text.RFM69_SetCSPin
                0x000000000800659c       0x3a CMakeFiles/f031.elf.dir/Src/control_rf69.c.obj
                0x000000000800659c                RFM69_SetCSPin
 .text.RFM69_ReadDIO0Pin
                0x00000000080065d6       0x1e CMakeFiles/f031.elf.dir/Src/control_rf69.c.obj
                0x00000000080065d6                RFM69_ReadDIO0Pin
 .text.SPI_transfer8
                0x00000000080065f4       0x38 CMakeFiles/f031.elf.dir/Src/control_rf69.c.obj
                0x00000000080065f4                SPI_transfer8
 .text.Timeout_IsTimeout1
                0x000000000800662c       0x30 CMakeFiles/f031.elf.dir/Src/control_rf69.c.obj
                0x000000000800662c                Timeout_IsTimeout1
 .text.Timeout_SetTimeout1
                0x000000000800665c       0x30 CMakeFiles/f031.elf.dir/Src/control_rf69.c.obj
                0x000000000800665c                Timeout_SetTimeout1
 .text.HAL_ADC_ConvCpltCallback
                0x000000000800668c       0x40 CMakeFiles/f031.elf.dir/Src/main.c.obj
                0x000000000800668c                HAL_ADC_ConvCpltCallback
 .text.Set_Alarm
                0x00000000080066cc       0x84 CMakeFiles/f031.elf.dir/Src/main.c.obj
                0x00000000080066cc                Set_Alarm
 .text.main     0x0000000008006750      0x2a8 CMakeFiles/f031.elf.dir/Src/main.c.obj
                0x0000000008006750                main
 .text.SystemClock_Config
                0x00000000080069f8      0x108 CMakeFiles/f031.elf.dir/Src/main.c.obj
                0x00000000080069f8                SystemClock_Config
 .text.MX_NVIC_Init
                0x0000000008006b00       0x1a CMakeFiles/f031.elf.dir/Src/main.c.obj
 *fill*         0x0000000008006b1a        0x2 
 .text.MX_ADC_Init
                0x0000000008006b1c       0xc0 CMakeFiles/f031.elf.dir/Src/main.c.obj
 .text.MX_I2C1_Init
                0x0000000008006bdc       0xa8 CMakeFiles/f031.elf.dir/Src/main.c.obj
 .text.MX_RTC_Init
                0x0000000008006c84      0x150 CMakeFiles/f031.elf.dir/Src/main.c.obj
 .text.MX_SPI1_Init
                0x0000000008006dd4       0x8c CMakeFiles/f031.elf.dir/Src/main.c.obj
 .text.MX_DMA_Init
                0x0000000008006e60       0x3c CMakeFiles/f031.elf.dir/Src/main.c.obj
 .text.MX_GPIO_Init
                0x0000000008006e9c       0xa8 CMakeFiles/f031.elf.dir/Src/main.c.obj
 .text._Error_Handler
                0x0000000008006f44        0xc CMakeFiles/f031.elf.dir/Src/main.c.obj
                0x0000000008006f44                _Error_Handler
 .text.HAL_MspInit
                0x0000000008006f50       0x70 CMakeFiles/f031.elf.dir/Src/stm32f0xx_hal_msp.c.obj
                0x0000000008006f50                HAL_MspInit
 .text.HAL_ADC_MspInit
                0x0000000008006fc0       0xa0 CMakeFiles/f031.elf.dir/Src/stm32f0xx_hal_msp.c.obj
                0x0000000008006fc0                HAL_ADC_MspInit
 .text.HAL_I2C_MspInit
                0x0000000008007060       0x78 CMakeFiles/f031.elf.dir/Src/stm32f0xx_hal_msp.c.obj
                0x0000000008007060                HAL_I2C_MspInit
 .text.HAL_RTC_MspInit
                0x00000000080070d8       0x40 CMakeFiles/f031.elf.dir/Src/stm32f0xx_hal_msp.c.obj
                0x00000000080070d8                HAL_RTC_MspInit
 .text.HAL_SPI_MspInit
                0x0000000008007118       0x78 CMakeFiles/f031.elf.dir/Src/stm32f0xx_hal_msp.c.obj
                0x0000000008007118                HAL_SPI_MspInit
 .text.NMI_Handler
                0x0000000008007190        0xa CMakeFiles/f031.elf.dir/Src/stm32f0xx_it.c.obj
                0x0000000008007190                NMI_Handler
 .text.HardFault_Handler
                0x000000000800719a        0x6 CMakeFiles/f031.elf.dir/Src/stm32f0xx_it.c.obj
                0x000000000800719a                HardFault_Handler
 .text.SVC_Handler
                0x00000000080071a0        0xa CMakeFiles/f031.elf.dir/Src/stm32f0xx_it.c.obj
                0x00000000080071a0                SVC_Handler
 .text.PendSV_Handler
                0x00000000080071aa        0xa CMakeFiles/f031.elf.dir/Src/stm32f0xx_it.c.obj
                0x00000000080071aa                PendSV_Handler
 .text.SysTick_Handler
                0x00000000080071b4       0x12 CMakeFiles/f031.elf.dir/Src/stm32f0xx_it.c.obj
                0x00000000080071b4                SysTick_Handler
 *fill*         0x00000000080071c6        0x2 
 .text.RTC_IRQHandler
                0x00000000080071c8       0x18 CMakeFiles/f031.elf.dir/Src/stm32f0xx_it.c.obj
                0x00000000080071c8                RTC_IRQHandler
 .text.EXTI0_1_IRQHandler
                0x00000000080071e0       0x14 CMakeFiles/f031.elf.dir/Src/stm32f0xx_it.c.obj
                0x00000000080071e0                EXTI0_1_IRQHandler
 .text.DMA1_Channel1_IRQHandler
                0x00000000080071f4       0x18 CMakeFiles/f031.elf.dir/Src/stm32f0xx_it.c.obj
                0x00000000080071f4                DMA1_Channel1_IRQHandler
 .text.SystemInit
                0x000000000800720c       0x88 CMakeFiles/f031.elf.dir/Src/system_stm32f0xx.c.obj
                0x000000000800720c                SystemInit
 .text.Reset_Handler
                0x0000000008007294       0x50 CMakeFiles/f031.elf.dir/startup/startup_stm32f031x6.s.obj
                0x0000000008007294                Reset_Handler
 .text.Default_Handler
                0x00000000080072e4        0x2 CMakeFiles/f031.elf.dir/startup/startup_stm32f031x6.s.obj
                0x00000000080072e4                TIM1_BRK_UP_TRG_COM_IRQHandler
                0x00000000080072e4                PVD_IRQHandler
                0x00000000080072e4                I2C1_IRQHandler
                0x00000000080072e4                SPI1_IRQHandler
                0x00000000080072e4                EXTI2_3_IRQHandler
                0x00000000080072e4                ADC1_IRQHandler
                0x00000000080072e4                TIM17_IRQHandler
                0x00000000080072e4                TIM16_IRQHandler
                0x00000000080072e4                TIM3_IRQHandler
                0x00000000080072e4                EXTI4_15_IRQHandler
                0x00000000080072e4                RCC_IRQHandler
                0x00000000080072e4                Default_Handler
                0x00000000080072e4                TIM14_IRQHandler
                0x00000000080072e4                DMA1_Channel4_5_IRQHandler
                0x00000000080072e4                WWDG_IRQHandler
                0x00000000080072e4                TIM2_IRQHandler
                0x00000000080072e4                DMA1_Channel2_3_IRQHandler
                0x00000000080072e4                FLASH_IRQHandler
                0x00000000080072e4                USART1_IRQHandler
                0x00000000080072e4                TIM1_CC_IRQHandler
 *fill*         0x00000000080072e6        0x2 
 .text.__libc_init_array
                0x00000000080072e8       0x48 /usr/local/Cellar/gcc-arm-none-eabi-63/20170628/bin/../lib/gcc/arm-none-eabi/6.3.1/../../../../arm-none-eabi/lib/thumb/v6-m/libg_nano.a(lib_a-init.o)
                0x00000000080072e8                __libc_init_array
 *(.glue_7)
 .glue_7        0x0000000008007330        0x0 linker stubs
 *(.glue_7t)
 .glue_7t       0x0000000008007330        0x0 linker stubs
 *(.eh_frame)
 .eh_frame      0x0000000008007330        0x0 /usr/local/Cellar/gcc-arm-none-eabi-63/20170628/bin/../lib/gcc/arm-none-eabi/6.3.1/thumb/v6-m/crtbegin.o
 *(.init)
 .init          0x0000000008007330        0x4 /usr/local/Cellar/gcc-arm-none-eabi-63/20170628/bin/../lib/gcc/arm-none-eabi/6.3.1/thumb/v6-m/crti.o
                0x0000000008007330                _init
 .init          0x0000000008007334        0x8 /usr/local/Cellar/gcc-arm-none-eabi-63/20170628/bin/../lib/gcc/arm-none-eabi/6.3.1/thumb/v6-m/crtn.o
 *(.fini)
 .fini          0x000000000800733c        0x4 /usr/local/Cellar/gcc-arm-none-eabi-63/20170628/bin/../lib/gcc/arm-none-eabi/6.3.1/thumb/v6-m/crti.o
                0x000000000800733c                _fini
 .fini          0x0000000008007340        0x8 /usr/local/Cellar/gcc-arm-none-eabi-63/20170628/bin/../lib/gcc/arm-none-eabi/6.3.1/thumb/v6-m/crtn.o
                0x0000000008007348                . = ALIGN (0x4)
                0x0000000008007348                _etext = .

.vfp11_veneer   0x0000000008007348        0x0
 .vfp11_veneer  0x0000000008007348        0x0 linker stubs

.v4_bx          0x0000000008007348        0x0
 .v4_bx         0x0000000008007348        0x0 linker stubs

.iplt           0x0000000008007348        0x0
 .iplt          0x0000000008007348        0x0 /usr/local/Cellar/gcc-arm-none-eabi-63/20170628/bin/../lib/gcc/arm-none-eabi/6.3.1/thumb/v6-m/crtbegin.o

.rodata         0x0000000008007348      0x1ac
                0x0000000008007348                . = ALIGN (0x4)
 *(.rodata)
 .rodata        0x0000000008007348       0x20 CMakeFiles/f031.elf.dir/Drivers/STM32F0xx_HAL_Driver/Src/stm32f0xx_hal_rcc.c.obj
 .rodata        0x0000000008007368       0x35 CMakeFiles/f031.elf.dir/Src/main.c.obj
 *fill*         0x000000000800739d        0x3 
 .rodata        0x00000000080073a0       0x30 CMakeFiles/f031.elf.dir/Src/stm32f0xx_hal_msp.c.obj
 .rodata        0x00000000080073d0       0x80 /usr/local/Cellar/gcc-arm-none-eabi-63/20170628/bin/../lib/gcc/arm-none-eabi/6.3.1/thumb/v6-m/libgcc.a(divsf3.o)
 .rodata        0x0000000008007450       0x40 /usr/local/Cellar/gcc-arm-none-eabi-63/20170628/bin/../lib/gcc/arm-none-eabi/6.3.1/thumb/v6-m/libgcc.a(divdf3.o)
 .rodata        0x0000000008007490       0x40 /usr/local/Cellar/gcc-arm-none-eabi-63/20170628/bin/../lib/gcc/arm-none-eabi/6.3.1/thumb/v6-m/libgcc.a(muldf3.o)
 *(.rodata*)
 .rodata.RFM69_setMode
                0x00000000080074d0       0x14 CMakeFiles/f031.elf.dir/Src/RFM69.c.obj
 .rodata.AHBPrescTable
                0x00000000080074e4       0x10 CMakeFiles/f031.elf.dir/Src/system_stm32f0xx.c.obj
                0x00000000080074e4                AHBPrescTable
                0x00000000080074f4                . = ALIGN (0x4)

.ARM.extab
 *(.ARM.extab* .gnu.linkonce.armextab.*)

.ARM            0x00000000080074f4        0x8
                0x00000000080074f4                __exidx_start = .
 *(.ARM.exidx*)
 .ARM.exidx     0x00000000080074f4        0x8 /usr/local/Cellar/gcc-arm-none-eabi-63/20170628/bin/../lib/gcc/arm-none-eabi/6.3.1/thumb/v6-m/libgcc.a(_divdi3.o)
                0x00000000080074fc                __exidx_end = .

.rel.dyn        0x00000000080074fc        0x0
 .rel.iplt      0x00000000080074fc        0x0 /usr/local/Cellar/gcc-arm-none-eabi-63/20170628/bin/../lib/gcc/arm-none-eabi/6.3.1/thumb/v6-m/crtbegin.o

.preinit_array  0x00000000080074fc        0x0
                0x00000000080074fc                PROVIDE (__preinit_array_start, .)
 *(.preinit_array*)
                0x00000000080074fc                PROVIDE (__preinit_array_end, .)

.init_array     0x00000000080074fc        0x4
                0x00000000080074fc                PROVIDE (__init_array_start, .)
 *(SORT(.init_array.*))
 *(.init_array*)
 .init_array    0x00000000080074fc        0x4 /usr/local/Cellar/gcc-arm-none-eabi-63/20170628/bin/../lib/gcc/arm-none-eabi/6.3.1/thumb/v6-m/crtbegin.o
                0x0000000008007500                PROVIDE (__init_array_end, .)

.fini_array     0x0000000008007500        0x4
                [!provide]                        PROVIDE (__fini_array_start, .)
 *(SORT(.fini_array.*))
 *(.fini_array*)
 .fini_array    0x0000000008007500        0x4 /usr/local/Cellar/gcc-arm-none-eabi-63/20170628/bin/../lib/gcc/arm-none-eabi/6.3.1/thumb/v6-m/crtbegin.o
                [!provide]                        PROVIDE (__fini_array_end, .)
                0x0000000008007504                _sidata = LOADADDR (.data)

.data           0x0000000020000000        0x8 load address 0x0000000008007504
                0x0000000020000000                . = ALIGN (0x4)
                0x0000000020000000                _sdata = .
 *(.data)
 *(.data*)
 .data._mode    0x0000000020000000        0x1 CMakeFiles/f031.elf.dir/Src/RFM69.c.obj
                0x0000000020000000                _mode
 .data._powerLevel
                0x0000000020000001        0x1 CMakeFiles/f031.elf.dir/Src/RFM69.c.obj
 *fill*         0x0000000020000002        0x2 
 .data.SystemCoreClock
                0x0000000020000004        0x4 CMakeFiles/f031.elf.dir/Src/system_stm32f0xx.c.obj
                0x0000000020000004                SystemCoreClock
                0x0000000020000008                . = ALIGN (0x4)
                0x0000000020000008                _edata = .

.jcr            0x0000000020000008        0x0 load address 0x000000000800750c
 .jcr           0x0000000020000008        0x0 /usr/local/Cellar/gcc-arm-none-eabi-63/20170628/bin/../lib/gcc/arm-none-eabi/6.3.1/thumb/v6-m/crtbegin.o

.igot.plt       0x0000000020000008        0x0 load address 0x000000000800750c
 .igot.plt      0x0000000020000008        0x0 /usr/local/Cellar/gcc-arm-none-eabi-63/20170628/bin/../lib/gcc/arm-none-eabi/6.3.1/thumb/v6-m/crtbegin.o
                0x0000000020000008                . = ALIGN (0x4)

.bss            0x0000000020000008      0x268 load address 0x000000000800750c
                0x0000000020000008                _sbss = .
                0x0000000020000008                __bss_start__ = _sbss
 *(.bss)
 .bss           0x0000000020000008       0x1c /usr/local/Cellar/gcc-arm-none-eabi-63/20170628/bin/../lib/gcc/arm-none-eabi/6.3.1/thumb/v6-m/crtbegin.o
 *(.bss*)
 .bss.uwTick    0x0000000020000024        0x4 CMakeFiles/f031.elf.dir/Drivers/STM32F0xx_HAL_Driver/Src/stm32f0xx_hal.c.obj
                0x0000000020000024                uwTick
 .bss.data      0x0000000020000028       0x3d CMakeFiles/f031.elf.dir/Src/RFM69.c.obj
                0x0000000020000028                data
 .bss.datalen   0x0000000020000065        0x1 CMakeFiles/f031.elf.dir/Src/RFM69.c.obj
                0x0000000020000065                datalen
 .bss.senderID  0x0000000020000066        0x1 CMakeFiles/f031.elf.dir/Src/RFM69.c.obj
                0x0000000020000066                senderID
 .bss.targetID  0x0000000020000067        0x1 CMakeFiles/f031.elf.dir/Src/RFM69.c.obj
                0x0000000020000067                targetID
 .bss.payloadLen
                0x0000000020000068        0x1 CMakeFiles/f031.elf.dir/Src/RFM69.c.obj
                0x0000000020000068                payloadLen
 .bss.ACK_Requested
                0x0000000020000069        0x1 CMakeFiles/f031.elf.dir/Src/RFM69.c.obj
                0x0000000020000069                ACK_Requested
 .bss.ACK_RECEIVED
                0x000000002000006a        0x1 CMakeFiles/f031.elf.dir/Src/RFM69.c.obj
                0x000000002000006a                ACK_RECEIVED
 *fill*         0x000000002000006b        0x1 
 .bss.rssi      0x000000002000006c        0x2 CMakeFiles/f031.elf.dir/Src/RFM69.c.obj
                0x000000002000006c                rssi
 .bss._address  0x000000002000006e        0x1 CMakeFiles/f031.elf.dir/Src/RFM69.c.obj
 .bss._promiscuousMode
                0x000000002000006f        0x1 CMakeFiles/f031.elf.dir/Src/RFM69.c.obj
                0x000000002000006f                _promiscuousMode
 .bss.tick_time
                0x0000000020000070        0x4 CMakeFiles/f031.elf.dir/Src/control_rf69.c.obj
                0x0000000020000070                tick_time
 .bss.time_temp
                0x0000000020000074        0x2 CMakeFiles/f031.elf.dir/Src/control_rf69.c.obj
                0x0000000020000074                time_temp
 *fill*         0x0000000020000076        0x2 
 .bss.hadc      0x0000000020000078       0x4c CMakeFiles/f031.elf.dir/Src/main.c.obj
                0x0000000020000078                hadc
 .bss.hdma_adc  0x00000000200000c4       0x44 CMakeFiles/f031.elf.dir/Src/main.c.obj
                0x00000000200000c4                hdma_adc
 .bss.hi2c1     0x0000000020000108       0x4c CMakeFiles/f031.elf.dir/Src/main.c.obj
                0x0000000020000108                hi2c1
 .bss.hrtc      0x0000000020000154       0x20 CMakeFiles/f031.elf.dir/Src/main.c.obj
                0x0000000020000154                hrtc
 .bss.hspi1     0x0000000020000174       0x64 CMakeFiles/f031.elf.dir/Src/main.c.obj
                0x0000000020000174                hspi1
 .bss.setAlarm  0x00000000200001d8       0x28 CMakeFiles/f031.elf.dir/Src/main.c.obj
                0x00000000200001d8                setAlarm
 .bss.bmp280    0x0000000020000200       0x34 CMakeFiles/f031.elf.dir/Src/main.c.obj
                0x0000000020000200                bmp280
 .bss.pressure  0x0000000020000234        0x4 CMakeFiles/f031.elf.dir/Src/main.c.obj
                0x0000000020000234                pressure
 .bss.temperature
                0x0000000020000238        0x4 CMakeFiles/f031.elf.dir/Src/main.c.obj
                0x0000000020000238                temperature
 .bss.humidity  0x000000002000023c        0x4 CMakeFiles/f031.elf.dir/Src/main.c.obj
                0x000000002000023c                humidity
 .bss.pas       0x0000000020000240        0x4 CMakeFiles/f031.elf.dir/Src/main.c.obj
                0x0000000020000240                pas
 .bss.time      0x0000000020000244        0x4 CMakeFiles/f031.elf.dir/Src/main.c.obj
                0x0000000020000244                time
 .bss.theData   0x0000000020000248       0x10 CMakeFiles/f031.elf.dir/Src/main.c.obj
                0x0000000020000248                theData
 .bss.counter   0x0000000020000258        0x2 CMakeFiles/f031.elf.dir/Src/main.c.obj
                0x0000000020000258                counter
 *fill*         0x000000002000025a        0x2 
 .bss.voltage   0x000000002000025c        0x4 CMakeFiles/f031.elf.dir/Src/main.c.obj
                0x000000002000025c                voltage
 .bss.adc_raw   0x0000000020000260        0x4 CMakeFiles/f031.elf.dir/Src/main.c.obj
                0x0000000020000260                adc_raw
 *fill*         0x0000000020000264        0x4 
 .bss.Vbat      0x0000000020000268        0x8 CMakeFiles/f031.elf.dir/Src/main.c.obj
                0x0000000020000268                Vbat
 *(COMMON)
                0x0000000020000270                . = ALIGN (0x4)
                0x0000000020000270                _ebss = .
                0x0000000020000270                __bss_end__ = _ebss

._user_heap_stack
                0x0000000020000270      0x600 load address 0x000000000800750c
                0x0000000020000270                . = ALIGN (0x8)
                0x0000000020000270                PROVIDE (end, .)
                [!provide]                        PROVIDE (_end, .)
                0x0000000020000470                . = (. + _Min_Heap_Size)
 *fill*         0x0000000020000270      0x200 
                0x0000000020000870                . = (. + _Min_Stack_Size)
 *fill*         0x0000000020000470      0x400 
                0x0000000020000870                . = ALIGN (0x8)

/DISCARD/
 libc.a(*)
 libm.a(*)
 libgcc.a(*)

.ARM.attributes
                0x0000000000000000       0x28
 *(.ARM.attributes)
 .ARM.attributes
                0x0000000000000000       0x1e /usr/local/Cellar/gcc-arm-none-eabi-63/20170628/bin/../lib/gcc/arm-none-eabi/6.3.1/thumb/v6-m/crti.o
 .ARM.attributes
                0x000000000000001e       0x2c /usr/local/Cellar/gcc-arm-none-eabi-63/20170628/bin/../lib/gcc/arm-none-eabi/6.3.1/thumb/v6-m/crtbegin.o
 .ARM.attributes
                0x000000000000004a       0x31 CMakeFiles/f031.elf.dir/Drivers/STM32F0xx_HAL_Driver/Src/stm32f0xx_hal.c.obj
 .ARM.attributes
                0x000000000000007b       0x31 CMakeFiles/f031.elf.dir/Drivers/STM32F0xx_HAL_Driver/Src/stm32f0xx_hal_adc.c.obj
 .ARM.attributes
                0x00000000000000ac       0x31 CMakeFiles/f031.elf.dir/Drivers/STM32F0xx_HAL_Driver/Src/stm32f0xx_hal_adc_ex.c.obj
 .ARM.attributes
                0x00000000000000dd       0x31 CMakeFiles/f031.elf.dir/Drivers/STM32F0xx_HAL_Driver/Src/stm32f0xx_hal_cortex.c.obj
 .ARM.attributes
                0x000000000000010e       0x31 CMakeFiles/f031.elf.dir/Drivers/STM32F0xx_HAL_Driver/Src/stm32f0xx_hal_dma.c.obj
 .ARM.attributes
                0x000000000000013f       0x31 CMakeFiles/f031.elf.dir/Drivers/STM32F0xx_HAL_Driver/Src/stm32f0xx_hal_gpio.c.obj
 .ARM.attributes
                0x0000000000000170       0x31 CMakeFiles/f031.elf.dir/Drivers/STM32F0xx_HAL_Driver/Src/stm32f0xx_hal_i2c.c.obj
 .ARM.attributes
                0x00000000000001a1       0x31 CMakeFiles/f031.elf.dir/Drivers/STM32F0xx_HAL_Driver/Src/stm32f0xx_hal_i2c_ex.c.obj
 .ARM.attributes
                0x00000000000001d2       0x31 CMakeFiles/f031.elf.dir/Drivers/STM32F0xx_HAL_Driver/Src/stm32f0xx_hal_pwr.c.obj
 .ARM.attributes
                0x0000000000000203       0x31 CMakeFiles/f031.elf.dir/Drivers/STM32F0xx_HAL_Driver/Src/stm32f0xx_hal_rcc.c.obj
 .ARM.attributes
                0x0000000000000234       0x31 CMakeFiles/f031.elf.dir/Drivers/STM32F0xx_HAL_Driver/Src/stm32f0xx_hal_rcc_ex.c.obj
 .ARM.attributes
                0x0000000000000265       0x31 CMakeFiles/f031.elf.dir/Drivers/STM32F0xx_HAL_Driver/Src/stm32f0xx_hal_rtc.c.obj
 .ARM.attributes
                0x0000000000000296       0x31 CMakeFiles/f031.elf.dir/Drivers/STM32F0xx_HAL_Driver/Src/stm32f0xx_hal_spi.c.obj
 .ARM.attributes
                0x00000000000002c7       0x31 CMakeFiles/f031.elf.dir/Src/RFM69.c.obj
 .ARM.attributes
                0x00000000000002f8       0x31 CMakeFiles/f031.elf.dir/Src/bmp280.c.obj
 .ARM.attributes
                0x0000000000000329       0x31 CMakeFiles/f031.elf.dir/Src/control_rf69.c.obj
 .ARM.attributes
                0x000000000000035a       0x31 CMakeFiles/f031.elf.dir/Src/main.c.obj
 .ARM.attributes
                0x000000000000038b       0x31 CMakeFiles/f031.elf.dir/Src/stm32f0xx_hal_msp.c.obj
 .ARM.attributes
                0x00000000000003bc       0x31 CMakeFiles/f031.elf.dir/Src/stm32f0xx_it.c.obj
 .ARM.attributes
                0x00000000000003ed       0x31 CMakeFiles/f031.elf.dir/Src/system_stm32f0xx.c.obj
 .ARM.attributes
                0x000000000000041e       0x21 CMakeFiles/f031.elf.dir/startup/startup_stm32f031x6.s.obj
 .ARM.attributes
                0x000000000000043f       0x1e /usr/local/Cellar/gcc-arm-none-eabi-63/20170628/bin/../lib/gcc/arm-none-eabi/6.3.1/thumb/v6-m/libgcc.a(_udivsi3.o)
 .ARM.attributes
                0x000000000000045d       0x1e /usr/local/Cellar/gcc-arm-none-eabi-63/20170628/bin/../lib/gcc/arm-none-eabi/6.3.1/thumb/v6-m/libgcc.a(_dvmd_tls.o)
 .ARM.attributes
                0x000000000000047b       0x1e /usr/local/Cellar/gcc-arm-none-eabi-63/20170628/bin/../lib/gcc/arm-none-eabi/6.3.1/thumb/v6-m/libgcc.a(_aeabi_ldivmod.o)
 .ARM.attributes
                0x0000000000000499       0x2c /usr/local/Cellar/gcc-arm-none-eabi-63/20170628/bin/../lib/gcc/arm-none-eabi/6.3.1/thumb/v6-m/libgcc.a(_muldi3.o)
 .ARM.attributes
                0x00000000000004c5       0x2c /usr/local/Cellar/gcc-arm-none-eabi-63/20170628/bin/../lib/gcc/arm-none-eabi/6.3.1/thumb/v6-m/libgcc.a(bpabi.o)
 .ARM.attributes
                0x00000000000004f1       0x2c /usr/local/Cellar/gcc-arm-none-eabi-63/20170628/bin/../lib/gcc/arm-none-eabi/6.3.1/thumb/v6-m/libgcc.a(divsf3.o)
 .ARM.attributes
                0x000000000000051d       0x2c /usr/local/Cellar/gcc-arm-none-eabi-63/20170628/bin/../lib/gcc/arm-none-eabi/6.3.1/thumb/v6-m/libgcc.a(fixsfsi.o)
 .ARM.attributes
                0x0000000000000549       0x2c /usr/local/Cellar/gcc-arm-none-eabi-63/20170628/bin/../lib/gcc/arm-none-eabi/6.3.1/thumb/v6-m/libgcc.a(floatsisf.o)
 .ARM.attributes
                0x0000000000000575       0x2c /usr/local/Cellar/gcc-arm-none-eabi-63/20170628/bin/../lib/gcc/arm-none-eabi/6.3.1/thumb/v6-m/libgcc.a(floatunsisf.o)
 .ARM.attributes
                0x00000000000005a1       0x2c /usr/local/Cellar/gcc-arm-none-eabi-63/20170628/bin/../lib/gcc/arm-none-eabi/6.3.1/thumb/v6-m/libgcc.a(divdf3.o)
 .ARM.attributes
                0x00000000000005cd       0x2c /usr/local/Cellar/gcc-arm-none-eabi-63/20170628/bin/../lib/gcc/arm-none-eabi/6.3.1/thumb/v6-m/libgcc.a(muldf3.o)
 .ARM.attributes
                0x00000000000005f9       0x2c /usr/local/Cellar/gcc-arm-none-eabi-63/20170628/bin/../lib/gcc/arm-none-eabi/6.3.1/thumb/v6-m/libgcc.a(fixdfsi.o)
 .ARM.attributes
                0x0000000000000625       0x2c /usr/local/Cellar/gcc-arm-none-eabi-63/20170628/bin/../lib/gcc/arm-none-eabi/6.3.1/thumb/v6-m/libgcc.a(floatunsidf.o)
 .ARM.attributes
                0x0000000000000651       0x2c /usr/local/Cellar/gcc-arm-none-eabi-63/20170628/bin/../lib/gcc/arm-none-eabi/6.3.1/thumb/v6-m/libgcc.a(extendsfdf2.o)
 .ARM.attributes
                0x000000000000067d       0x2c /usr/local/Cellar/gcc-arm-none-eabi-63/20170628/bin/../lib/gcc/arm-none-eabi/6.3.1/thumb/v6-m/libgcc.a(truncdfsf2.o)
 .ARM.attributes
                0x00000000000006a9       0x1e /usr/local/Cellar/gcc-arm-none-eabi-63/20170628/bin/../lib/gcc/arm-none-eabi/6.3.1/thumb/v6-m/libgcc.a(_clzsi2.o)
 .ARM.attributes
                0x00000000000006c7       0x2c /usr/local/Cellar/gcc-arm-none-eabi-63/20170628/bin/../lib/gcc/arm-none-eabi/6.3.1/thumb/v6-m/libgcc.a(_divdi3.o)
 .ARM.attributes
                0x00000000000006f3       0x1e /usr/local/Cellar/gcc-arm-none-eabi-63/20170628/bin/../lib/gcc/arm-none-eabi/6.3.1/thumb/v6-m/libgcc.a(_clzdi2.o)
 .ARM.attributes
                0x0000000000000711       0x2c /usr/local/Cellar/gcc-arm-none-eabi-63/20170628/bin/../lib/gcc/arm-none-eabi/6.3.1/../../../../arm-none-eabi/lib/thumb/v6-m/libg_nano.a(lib_a-init.o)
 .ARM.attributes
                0x000000000000073d       0x1e /usr/local/Cellar/gcc-arm-none-eabi-63/20170628/bin/../lib/gcc/arm-none-eabi/6.3.1/thumb/v6-m/crtn.o
OUTPUT(f031.elf elf32-littlearm)

.debug_info     0x0000000000000000    0x17037
 .debug_info    0x0000000000000000      0xda0 CMakeFiles/f031.elf.dir/Drivers/STM32F0xx_HAL_Driver/Src/stm32f0xx_hal.c.obj
 .debug_info    0x0000000000000da0     0x1442 CMakeFiles/f031.elf.dir/Drivers/STM32F0xx_HAL_Driver/Src/stm32f0xx_hal_adc.c.obj
 .debug_info    0x00000000000021e2      0xd84 CMakeFiles/f031.elf.dir/Drivers/STM32F0xx_HAL_Driver/Src/stm32f0xx_hal_adc_ex.c.obj
 .debug_info    0x0000000000002f66      0xef8 CMakeFiles/f031.elf.dir/Drivers/STM32F0xx_HAL_Driver/Src/stm32f0xx_hal_cortex.c.obj
 .debug_info    0x0000000000003e5e      0xf50 CMakeFiles/f031.elf.dir/Drivers/STM32F0xx_HAL_Driver/Src/stm32f0xx_hal_dma.c.obj
 .debug_info    0x0000000000004dae      0xe3c CMakeFiles/f031.elf.dir/Drivers/STM32F0xx_HAL_Driver/Src/stm32f0xx_hal_gpio.c.obj
 .debug_info    0x0000000000005bea     0x239f CMakeFiles/f031.elf.dir/Drivers/STM32F0xx_HAL_Driver/Src/stm32f0xx_hal_i2c.c.obj
 .debug_info    0x0000000000007f89     0x1071 CMakeFiles/f031.elf.dir/Drivers/STM32F0xx_HAL_Driver/Src/stm32f0xx_hal_i2c_ex.c.obj
 .debug_info    0x0000000000008ffa      0xca5 CMakeFiles/f031.elf.dir/Drivers/STM32F0xx_HAL_Driver/Src/stm32f0xx_hal_pwr.c.obj
 .debug_info    0x0000000000009c9f      0xf83 CMakeFiles/f031.elf.dir/Drivers/STM32F0xx_HAL_Driver/Src/stm32f0xx_hal_rcc.c.obj
 .debug_info    0x000000000000ac22      0xb82 CMakeFiles/f031.elf.dir/Drivers/STM32F0xx_HAL_Driver/Src/stm32f0xx_hal_rcc_ex.c.obj
 .debug_info    0x000000000000b7a4     0x1270 CMakeFiles/f031.elf.dir/Drivers/STM32F0xx_HAL_Driver/Src/stm32f0xx_hal_rtc.c.obj
 .debug_info    0x000000000000ca14     0x1d78 CMakeFiles/f031.elf.dir/Drivers/STM32F0xx_HAL_Driver/Src/stm32f0xx_hal_spi.c.obj
 .debug_info    0x000000000000e78c     0x1002 CMakeFiles/f031.elf.dir/Src/RFM69.c.obj
 .debug_info    0x000000000000f78e     0x162e CMakeFiles/f031.elf.dir/Src/bmp280.c.obj
 .debug_info    0x0000000000010dbc     0x104b CMakeFiles/f031.elf.dir/Src/control_rf69.c.obj
 .debug_info    0x0000000000011e07     0x2078 CMakeFiles/f031.elf.dir/Src/main.c.obj
 .debug_info    0x0000000000013e7f     0x18e9 CMakeFiles/f031.elf.dir/Src/stm32f0xx_hal_msp.c.obj
 .debug_info    0x0000000000015768      0xdef CMakeFiles/f031.elf.dir/Src/stm32f0xx_it.c.obj
 .debug_info    0x0000000000016557      0xa5c CMakeFiles/f031.elf.dir/Src/system_stm32f0xx.c.obj
 .debug_info    0x0000000000016fb3       0x84 CMakeFiles/f031.elf.dir/startup/startup_stm32f031x6.s.obj

.debug_abbrev   0x0000000000000000     0x2f20
 .debug_abbrev  0x0000000000000000      0x266 CMakeFiles/f031.elf.dir/Drivers/STM32F0xx_HAL_Driver/Src/stm32f0xx_hal.c.obj
 .debug_abbrev  0x0000000000000266      0x257 CMakeFiles/f031.elf.dir/Drivers/STM32F0xx_HAL_Driver/Src/stm32f0xx_hal_adc.c.obj
 .debug_abbrev  0x00000000000004bd      0x1bb CMakeFiles/f031.elf.dir/Drivers/STM32F0xx_HAL_Driver/Src/stm32f0xx_hal_adc_ex.c.obj
 .debug_abbrev  0x0000000000000678      0x30f CMakeFiles/f031.elf.dir/Drivers/STM32F0xx_HAL_Driver/Src/stm32f0xx_hal_cortex.c.obj
 .debug_abbrev  0x0000000000000987      0x275 CMakeFiles/f031.elf.dir/Drivers/STM32F0xx_HAL_Driver/Src/stm32f0xx_hal_dma.c.obj
 .debug_abbrev  0x0000000000000bfc      0x24c CMakeFiles/f031.elf.dir/Drivers/STM32F0xx_HAL_Driver/Src/stm32f0xx_hal_gpio.c.obj
 .debug_abbrev  0x0000000000000e48      0x2a5 CMakeFiles/f031.elf.dir/Drivers/STM32F0xx_HAL_Driver/Src/stm32f0xx_hal_i2c.c.obj
 .debug_abbrev  0x00000000000010ed      0x21a CMakeFiles/f031.elf.dir/Drivers/STM32F0xx_HAL_Driver/Src/stm32f0xx_hal_i2c_ex.c.obj
 .debug_abbrev  0x0000000000001307      0x21c CMakeFiles/f031.elf.dir/Drivers/STM32F0xx_HAL_Driver/Src/stm32f0xx_hal_pwr.c.obj
 .debug_abbrev  0x0000000000001523      0x281 CMakeFiles/f031.elf.dir/Drivers/STM32F0xx_HAL_Driver/Src/stm32f0xx_hal_rcc.c.obj
 .debug_abbrev  0x00000000000017a4      0x223 CMakeFiles/f031.elf.dir/Drivers/STM32F0xx_HAL_Driver/Src/stm32f0xx_hal_rcc_ex.c.obj
 .debug_abbrev  0x00000000000019c7      0x26c CMakeFiles/f031.elf.dir/Drivers/STM32F0xx_HAL_Driver/Src/stm32f0xx_hal_rtc.c.obj
 .debug_abbrev  0x0000000000001c33      0x294 CMakeFiles/f031.elf.dir/Drivers/STM32F0xx_HAL_Driver/Src/stm32f0xx_hal_spi.c.obj
 .debug_abbrev  0x0000000000001ec7      0x327 CMakeFiles/f031.elf.dir/Src/RFM69.c.obj
 .debug_abbrev  0x00000000000021ee      0x2e3 CMakeFiles/f031.elf.dir/Src/bmp280.c.obj
 .debug_abbrev  0x00000000000024d1      0x230 CMakeFiles/f031.elf.dir/Src/control_rf69.c.obj
 .debug_abbrev  0x0000000000002701      0x29c CMakeFiles/f031.elf.dir/Src/main.c.obj
 .debug_abbrev  0x000000000000299d      0x1f2 CMakeFiles/f031.elf.dir/Src/stm32f0xx_hal_msp.c.obj
 .debug_abbrev  0x0000000000002b8f      0x1b5 CMakeFiles/f031.elf.dir/Src/stm32f0xx_it.c.obj
 .debug_abbrev  0x0000000000002d44      0x1ca CMakeFiles/f031.elf.dir/Src/system_stm32f0xx.c.obj
 .debug_abbrev  0x0000000000002f0e       0x12 CMakeFiles/f031.elf.dir/startup/startup_stm32f031x6.s.obj

.debug_aranges  0x0000000000000000      0xd50
 .debug_aranges
                0x0000000000000000       0xb8 CMakeFiles/f031.elf.dir/Drivers/STM32F0xx_HAL_Driver/Src/stm32f0xx_hal.c.obj
 .debug_aranges
                0x00000000000000b8       0xf8 CMakeFiles/f031.elf.dir/Drivers/STM32F0xx_HAL_Driver/Src/stm32f0xx_hal_adc.c.obj
 .debug_aranges
                0x00000000000001b0       0x20 CMakeFiles/f031.elf.dir/Drivers/STM32F0xx_HAL_Driver/Src/stm32f0xx_hal_adc_ex.c.obj
 .debug_aranges
                0x00000000000001d0       0xc0 CMakeFiles/f031.elf.dir/Drivers/STM32F0xx_HAL_Driver/Src/stm32f0xx_hal_cortex.c.obj
 .debug_aranges
                0x0000000000000290       0x88 CMakeFiles/f031.elf.dir/Drivers/STM32F0xx_HAL_Driver/Src/stm32f0xx_hal_dma.c.obj
 .debug_aranges
                0x0000000000000318       0x58 CMakeFiles/f031.elf.dir/Drivers/STM32F0xx_HAL_Driver/Src/stm32f0xx_hal_gpio.c.obj
 .debug_aranges
                0x0000000000000370      0x260 CMakeFiles/f031.elf.dir/Drivers/STM32F0xx_HAL_Driver/Src/stm32f0xx_hal_i2c.c.obj
 .debug_aranges
                0x00000000000005d0       0x48 CMakeFiles/f031.elf.dir/Drivers/STM32F0xx_HAL_Driver/Src/stm32f0xx_hal_i2c_ex.c.obj
 .debug_aranges
                0x0000000000000618       0x78 CMakeFiles/f031.elf.dir/Drivers/STM32F0xx_HAL_Driver/Src/stm32f0xx_hal_pwr.c.obj
 .debug_aranges
                0x0000000000000690       0x80 CMakeFiles/f031.elf.dir/Drivers/STM32F0xx_HAL_Driver/Src/stm32f0xx_hal_rcc.c.obj
 .debug_aranges
                0x0000000000000710       0x30 CMakeFiles/f031.elf.dir/Drivers/STM32F0xx_HAL_Driver/Src/stm32f0xx_hal_rcc_ex.c.obj
 .debug_aranges
                0x0000000000000740       0xb8 CMakeFiles/f031.elf.dir/Drivers/STM32F0xx_HAL_Driver/Src/stm32f0xx_hal_rtc.c.obj
 .debug_aranges
                0x00000000000007f8      0x1d8 CMakeFiles/f031.elf.dir/Drivers/STM32F0xx_HAL_Driver/Src/stm32f0xx_hal_spi.c.obj
 .debug_aranges
                0x00000000000009d0      0x118 CMakeFiles/f031.elf.dir/Src/RFM69.c.obj
 .debug_aranges
                0x0000000000000ae8       0x90 CMakeFiles/f031.elf.dir/Src/bmp280.c.obj
 .debug_aranges
                0x0000000000000b78       0x58 CMakeFiles/f031.elf.dir/Src/control_rf69.c.obj
 .debug_aranges
                0x0000000000000bd0       0x78 CMakeFiles/f031.elf.dir/Src/main.c.obj
 .debug_aranges
                0x0000000000000c48       0x60 CMakeFiles/f031.elf.dir/Src/stm32f0xx_hal_msp.c.obj
 .debug_aranges
                0x0000000000000ca8       0x58 CMakeFiles/f031.elf.dir/Src/stm32f0xx_it.c.obj
 .debug_aranges
                0x0000000000000d00       0x28 CMakeFiles/f031.elf.dir/Src/system_stm32f0xx.c.obj
 .debug_aranges
                0x0000000000000d28       0x28 CMakeFiles/f031.elf.dir/startup/startup_stm32f031x6.s.obj

.debug_ranges   0x0000000000000000      0xc08
 .debug_ranges  0x0000000000000000       0xa8 CMakeFiles/f031.elf.dir/Drivers/STM32F0xx_HAL_Driver/Src/stm32f0xx_hal.c.obj
 .debug_ranges  0x00000000000000a8       0xe8 CMakeFiles/f031.elf.dir/Drivers/STM32F0xx_HAL_Driver/Src/stm32f0xx_hal_adc.c.obj
 .debug_ranges  0x0000000000000190       0x10 CMakeFiles/f031.elf.dir/Drivers/STM32F0xx_HAL_Driver/Src/stm32f0xx_hal_adc_ex.c.obj
 .debug_ranges  0x00000000000001a0       0xb0 CMakeFiles/f031.elf.dir/Drivers/STM32F0xx_HAL_Driver/Src/stm32f0xx_hal_cortex.c.obj
 .debug_ranges  0x0000000000000250       0x78 CMakeFiles/f031.elf.dir/Drivers/STM32F0xx_HAL_Driver/Src/stm32f0xx_hal_dma.c.obj
 .debug_ranges  0x00000000000002c8       0x48 CMakeFiles/f031.elf.dir/Drivers/STM32F0xx_HAL_Driver/Src/stm32f0xx_hal_gpio.c.obj
 .debug_ranges  0x0000000000000310      0x250 CMakeFiles/f031.elf.dir/Drivers/STM32F0xx_HAL_Driver/Src/stm32f0xx_hal_i2c.c.obj
 .debug_ranges  0x0000000000000560       0x38 CMakeFiles/f031.elf.dir/Drivers/STM32F0xx_HAL_Driver/Src/stm32f0xx_hal_i2c_ex.c.obj
 .debug_ranges  0x0000000000000598       0x68 CMakeFiles/f031.elf.dir/Drivers/STM32F0xx_HAL_Driver/Src/stm32f0xx_hal_pwr.c.obj
 .debug_ranges  0x0000000000000600       0x70 CMakeFiles/f031.elf.dir/Drivers/STM32F0xx_HAL_Driver/Src/stm32f0xx_hal_rcc.c.obj
 .debug_ranges  0x0000000000000670       0x20 CMakeFiles/f031.elf.dir/Drivers/STM32F0xx_HAL_Driver/Src/stm32f0xx_hal_rcc_ex.c.obj
 .debug_ranges  0x0000000000000690       0xa8 CMakeFiles/f031.elf.dir/Drivers/STM32F0xx_HAL_Driver/Src/stm32f0xx_hal_rtc.c.obj
 .debug_ranges  0x0000000000000738      0x1c8 CMakeFiles/f031.elf.dir/Drivers/STM32F0xx_HAL_Driver/Src/stm32f0xx_hal_spi.c.obj
 .debug_ranges  0x0000000000000900      0x108 CMakeFiles/f031.elf.dir/Src/RFM69.c.obj
 .debug_ranges  0x0000000000000a08       0x80 CMakeFiles/f031.elf.dir/Src/bmp280.c.obj
 .debug_ranges  0x0000000000000a88       0x48 CMakeFiles/f031.elf.dir/Src/control_rf69.c.obj
 .debug_ranges  0x0000000000000ad0       0x68 CMakeFiles/f031.elf.dir/Src/main.c.obj
 .debug_ranges  0x0000000000000b38       0x50 CMakeFiles/f031.elf.dir/Src/stm32f0xx_hal_msp.c.obj
 .debug_ranges  0x0000000000000b88       0x48 CMakeFiles/f031.elf.dir/Src/stm32f0xx_it.c.obj
 .debug_ranges  0x0000000000000bd0       0x18 CMakeFiles/f031.elf.dir/Src/system_stm32f0xx.c.obj
 .debug_ranges  0x0000000000000be8       0x20 CMakeFiles/f031.elf.dir/startup/startup_stm32f031x6.s.obj

.debug_line     0x0000000000000000     0x6de1
 .debug_line    0x0000000000000000      0x415 CMakeFiles/f031.elf.dir/Drivers/STM32F0xx_HAL_Driver/Src/stm32f0xx_hal.c.obj
 .debug_line    0x0000000000000415      0x82b CMakeFiles/f031.elf.dir/Drivers/STM32F0xx_HAL_Driver/Src/stm32f0xx_hal_adc.c.obj
 .debug_line    0x0000000000000c40      0x2f8 CMakeFiles/f031.elf.dir/Drivers/STM32F0xx_HAL_Driver/Src/stm32f0xx_hal_adc_ex.c.obj
 .debug_line    0x0000000000000f38      0x426 CMakeFiles/f031.elf.dir/Drivers/STM32F0xx_HAL_Driver/Src/stm32f0xx_hal_cortex.c.obj
 .debug_line    0x000000000000135e      0x49b CMakeFiles/f031.elf.dir/Drivers/STM32F0xx_HAL_Driver/Src/stm32f0xx_hal_dma.c.obj
 .debug_line    0x00000000000017f9      0x3f3 CMakeFiles/f031.elf.dir/Drivers/STM32F0xx_HAL_Driver/Src/stm32f0xx_hal_gpio.c.obj
 .debug_line    0x0000000000001bec     0x1351 CMakeFiles/f031.elf.dir/Drivers/STM32F0xx_HAL_Driver/Src/stm32f0xx_hal_i2c.c.obj
 .debug_line    0x0000000000002f3d      0x3d8 CMakeFiles/f031.elf.dir/Drivers/STM32F0xx_HAL_Driver/Src/stm32f0xx_hal_i2c_ex.c.obj
 .debug_line    0x0000000000003315      0x36d CMakeFiles/f031.elf.dir/Drivers/STM32F0xx_HAL_Driver/Src/stm32f0xx_hal_pwr.c.obj
 .debug_line    0x0000000000003682      0x4f8 CMakeFiles/f031.elf.dir/Drivers/STM32F0xx_HAL_Driver/Src/stm32f0xx_hal_rcc.c.obj
 .debug_line    0x0000000000003b7a      0x35e CMakeFiles/f031.elf.dir/Drivers/STM32F0xx_HAL_Driver/Src/stm32f0xx_hal_rcc_ex.c.obj
 .debug_line    0x0000000000003ed8      0x5f1 CMakeFiles/f031.elf.dir/Drivers/STM32F0xx_HAL_Driver/Src/stm32f0xx_hal_rtc.c.obj
 .debug_line    0x00000000000044c9      0xd0a CMakeFiles/f031.elf.dir/Drivers/STM32F0xx_HAL_Driver/Src/stm32f0xx_hal_spi.c.obj
 .debug_line    0x00000000000051d3      0x64c CMakeFiles/f031.elf.dir/Src/RFM69.c.obj
 .debug_line    0x000000000000581f      0x481 CMakeFiles/f031.elf.dir/Src/bmp280.c.obj
 .debug_line    0x0000000000005ca0      0x314 CMakeFiles/f031.elf.dir/Src/control_rf69.c.obj
 .debug_line    0x0000000000005fb4      0x4c7 CMakeFiles/f031.elf.dir/Src/main.c.obj
 .debug_line    0x000000000000647b      0x39a CMakeFiles/f031.elf.dir/Src/stm32f0xx_hal_msp.c.obj
 .debug_line    0x0000000000006815      0x2fd CMakeFiles/f031.elf.dir/Src/stm32f0xx_it.c.obj
 .debug_line    0x0000000000006b12      0x237 CMakeFiles/f031.elf.dir/Src/system_stm32f0xx.c.obj
 .debug_line    0x0000000000006d49       0x98 CMakeFiles/f031.elf.dir/startup/startup_stm32f031x6.s.obj

.debug_str      0x0000000000000000     0x3ed2
 .debug_str     0x0000000000000000      0x96a CMakeFiles/f031.elf.dir/Drivers/STM32F0xx_HAL_Driver/Src/stm32f0xx_hal.c.obj
                                        0xa02 (size before relaxing)
 .debug_str     0x000000000000096a      0x667 CMakeFiles/f031.elf.dir/Drivers/STM32F0xx_HAL_Driver/Src/stm32f0xx_hal_adc.c.obj
                                        0xd08 (size before relaxing)
 .debug_str     0x0000000000000fd1       0x8c CMakeFiles/f031.elf.dir/Drivers/STM32F0xx_HAL_Driver/Src/stm32f0xx_hal_adc_ex.c.obj
                                        0xa0d (size before relaxing)
 .debug_str     0x000000000000105d      0x20d CMakeFiles/f031.elf.dir/Drivers/STM32F0xx_HAL_Driver/Src/stm32f0xx_hal_cortex.c.obj
                                        0xa46 (size before relaxing)
 .debug_str     0x000000000000126a      0x267 CMakeFiles/f031.elf.dir/Drivers/STM32F0xx_HAL_Driver/Src/stm32f0xx_hal_dma.c.obj
                                        0xa90 (size before relaxing)
 .debug_str     0x00000000000014d1      0x1cf CMakeFiles/f031.elf.dir/Drivers/STM32F0xx_HAL_Driver/Src/stm32f0xx_hal_gpio.c.obj
                                        0x88d (size before relaxing)
 .debug_str     0x00000000000016a0      0xa3f CMakeFiles/f031.elf.dir/Drivers/STM32F0xx_HAL_Driver/Src/stm32f0xx_hal_i2c.c.obj
                                       0x12c2 (size before relaxing)
 .debug_str     0x00000000000020df      0x108 CMakeFiles/f031.elf.dir/Drivers/STM32F0xx_HAL_Driver/Src/stm32f0xx_hal_i2c_ex.c.obj
                                        0xc56 (size before relaxing)
 .debug_str     0x00000000000021e7      0x1b4 CMakeFiles/f031.elf.dir/Drivers/STM32F0xx_HAL_Driver/Src/stm32f0xx_hal_pwr.c.obj
                                        0x833 (size before relaxing)
 .debug_str     0x000000000000239b      0x2f2 CMakeFiles/f031.elf.dir/Drivers/STM32F0xx_HAL_Driver/Src/stm32f0xx_hal_rcc.c.obj
                                        0xa3f (size before relaxing)
 .debug_str     0x000000000000268d      0x13c CMakeFiles/f031.elf.dir/Drivers/STM32F0xx_HAL_Driver/Src/stm32f0xx_hal_rcc_ex.c.obj
                                        0x7f4 (size before relaxing)
 .debug_str     0x00000000000027c9      0x41f CMakeFiles/f031.elf.dir/Drivers/STM32F0xx_HAL_Driver/Src/stm32f0xx_hal_rtc.c.obj
                                        0xb15 (size before relaxing)
 .debug_str     0x0000000000002be8      0x726 CMakeFiles/f031.elf.dir/Drivers/STM32F0xx_HAL_Driver/Src/stm32f0xx_hal_spi.c.obj
                                        0xf9e (size before relaxing)
 .debug_str     0x000000000000330e      0x393 CMakeFiles/f031.elf.dir/Src/RFM69.c.obj
                                        0x99c (size before relaxing)
 .debug_str     0x00000000000036a1      0x4ce CMakeFiles/f031.elf.dir/Src/bmp280.c.obj
                                       0x1002 (size before relaxing)
 .debug_str     0x0000000000003b6f       0xbf CMakeFiles/f031.elf.dir/Src/control_rf69.c.obj
                                        0xc7b (size before relaxing)
 .debug_str     0x0000000000003c2e      0x156 CMakeFiles/f031.elf.dir/Src/main.c.obj
                                       0x191a (size before relaxing)
 .debug_str     0x0000000000003d84       0x30 CMakeFiles/f031.elf.dir/Src/stm32f0xx_hal_msp.c.obj
                                       0x123c (size before relaxing)
 .debug_str     0x0000000000003db4       0xaf CMakeFiles/f031.elf.dir/Src/stm32f0xx_it.c.obj
                                        0xa0c (size before relaxing)
 .debug_str     0x0000000000003e63       0x6f CMakeFiles/f031.elf.dir/Src/system_stm32f0xx.c.obj
                                        0x6b3 (size before relaxing)

.comment        0x0000000000000000       0x7f
 .comment       0x0000000000000000       0x7f CMakeFiles/f031.elf.dir/Drivers/STM32F0xx_HAL_Driver/Src/stm32f0xx_hal.c.obj
                                         0x80 (size before relaxing)
 .comment       0x000000000000007f       0x80 CMakeFiles/f031.elf.dir/Drivers/STM32F0xx_HAL_Driver/Src/stm32f0xx_hal_adc.c.obj
 .comment       0x000000000000007f       0x80 CMakeFiles/f031.elf.dir/Drivers/STM32F0xx_HAL_Driver/Src/stm32f0xx_hal_adc_ex.c.obj
 .comment       0x000000000000007f       0x80 CMakeFiles/f031.elf.dir/Drivers/STM32F0xx_HAL_Driver/Src/stm32f0xx_hal_cortex.c.obj
 .comment       0x000000000000007f       0x80 CMakeFiles/f031.elf.dir/Drivers/STM32F0xx_HAL_Driver/Src/stm32f0xx_hal_dma.c.obj
 .comment       0x000000000000007f       0x80 CMakeFiles/f031.elf.dir/Drivers/STM32F0xx_HAL_Driver/Src/stm32f0xx_hal_gpio.c.obj
 .comment       0x000000000000007f       0x80 CMakeFiles/f031.elf.dir/Drivers/STM32F0xx_HAL_Driver/Src/stm32f0xx_hal_i2c.c.obj
 .comment       0x000000000000007f       0x80 CMakeFiles/f031.elf.dir/Drivers/STM32F0xx_HAL_Driver/Src/stm32f0xx_hal_i2c_ex.c.obj
 .comment       0x000000000000007f       0x80 CMakeFiles/f031.elf.dir/Drivers/STM32F0xx_HAL_Driver/Src/stm32f0xx_hal_pwr.c.obj
 .comment       0x000000000000007f       0x80 CMakeFiles/f031.elf.dir/Drivers/STM32F0xx_HAL_Driver/Src/stm32f0xx_hal_rcc.c.obj
 .comment       0x000000000000007f       0x80 CMakeFiles/f031.elf.dir/Drivers/STM32F0xx_HAL_Driver/Src/stm32f0xx_hal_rcc_ex.c.obj
 .comment       0x000000000000007f       0x80 CMakeFiles/f031.elf.dir/Drivers/STM32F0xx_HAL_Driver/Src/stm32f0xx_hal_rtc.c.obj
 .comment       0x000000000000007f       0x80 CMakeFiles/f031.elf.dir/Drivers/STM32F0xx_HAL_Driver/Src/stm32f0xx_hal_spi.c.obj
 .comment       0x000000000000007f       0x80 CMakeFiles/f031.elf.dir/Src/RFM69.c.obj
 .comment       0x000000000000007f       0x80 CMakeFiles/f031.elf.dir/Src/bmp280.c.obj
 .comment       0x000000000000007f       0x80 CMakeFiles/f031.elf.dir/Src/control_rf69.c.obj
 .comment       0x000000000000007f       0x80 CMakeFiles/f031.elf.dir/Src/main.c.obj
 .comment       0x000000000000007f       0x80 CMakeFiles/f031.elf.dir/Src/stm32f0xx_hal_msp.c.obj
 .comment       0x000000000000007f       0x80 CMakeFiles/f031.elf.dir/Src/stm32f0xx_it.c.obj
 .comment       0x000000000000007f       0x80 CMakeFiles/f031.elf.dir/Src/system_stm32f0xx.c.obj

.debug_frame    0x0000000000000000     0x3034
 .debug_frame   0x0000000000000000      0x248 CMakeFiles/f031.elf.dir/Drivers/STM32F0xx_HAL_Driver/Src/stm32f0xx_hal.c.obj
 .debug_frame   0x0000000000000248      0x390 CMakeFiles/f031.elf.dir/Drivers/STM32F0xx_HAL_Driver/Src/stm32f0xx_hal_adc.c.obj
 .debug_frame   0x00000000000005d8       0x30 CMakeFiles/f031.elf.dir/Drivers/STM32F0xx_HAL_Driver/Src/stm32f0xx_hal_adc_ex.c.obj
 .debug_frame   0x0000000000000608      0x2a4 CMakeFiles/f031.elf.dir/Drivers/STM32F0xx_HAL_Driver/Src/stm32f0xx_hal_cortex.c.obj
 .debug_frame   0x00000000000008ac      0x1d0 CMakeFiles/f031.elf.dir/Drivers/STM32F0xx_HAL_Driver/Src/stm32f0xx_hal_dma.c.obj
 .debug_frame   0x0000000000000a7c      0x110 CMakeFiles/f031.elf.dir/Drivers/STM32F0xx_HAL_Driver/Src/stm32f0xx_hal_gpio.c.obj
 .debug_frame   0x0000000000000b8c      0x930 CMakeFiles/f031.elf.dir/Drivers/STM32F0xx_HAL_Driver/Src/stm32f0xx_hal_i2c.c.obj
 .debug_frame   0x00000000000014bc       0xd0 CMakeFiles/f031.elf.dir/Drivers/STM32F0xx_HAL_Driver/Src/stm32f0xx_hal_i2c_ex.c.obj
 .debug_frame   0x000000000000158c      0x170 CMakeFiles/f031.elf.dir/Drivers/STM32F0xx_HAL_Driver/Src/stm32f0xx_hal_pwr.c.obj
 .debug_frame   0x00000000000016fc      0x194 CMakeFiles/f031.elf.dir/Drivers/STM32F0xx_HAL_Driver/Src/stm32f0xx_hal_rcc.c.obj
 .debug_frame   0x0000000000001890       0x70 CMakeFiles/f031.elf.dir/Drivers/STM32F0xx_HAL_Driver/Src/stm32f0xx_hal_rcc_ex.c.obj
 .debug_frame   0x0000000000001900      0x290 CMakeFiles/f031.elf.dir/Drivers/STM32F0xx_HAL_Driver/Src/stm32f0xx_hal_rtc.c.obj
 .debug_frame   0x0000000000001b90      0x710 CMakeFiles/f031.elf.dir/Drivers/STM32F0xx_HAL_Driver/Src/stm32f0xx_hal_spi.c.obj
 .debug_frame   0x00000000000022a0      0x3ec CMakeFiles/f031.elf.dir/Src/RFM69.c.obj
 .debug_frame   0x000000000000268c      0x1f4 CMakeFiles/f031.elf.dir/Src/bmp280.c.obj
 .debug_frame   0x0000000000002880      0x100 CMakeFiles/f031.elf.dir/Src/control_rf69.c.obj
 .debug_frame   0x0000000000002980      0x184 CMakeFiles/f031.elf.dir/Src/main.c.obj
 .debug_frame   0x0000000000002b04      0x130 CMakeFiles/f031.elf.dir/Src/stm32f0xx_hal_msp.c.obj
 .debug_frame   0x0000000000002c34       0xf0 CMakeFiles/f031.elf.dir/Src/stm32f0xx_it.c.obj
 .debug_frame   0x0000000000002d24       0x4c CMakeFiles/f031.elf.dir/Src/system_stm32f0xx.c.obj
 .debug_frame   0x0000000000002d70       0x20 /usr/local/Cellar/gcc-arm-none-eabi-63/20170628/bin/../lib/gcc/arm-none-eabi/6.3.1/thumb/v6-m/libgcc.a(_udivsi3.o)
 .debug_frame   0x0000000000002d90       0x34 /usr/local/Cellar/gcc-arm-none-eabi-63/20170628/bin/../lib/gcc/arm-none-eabi/6.3.1/thumb/v6-m/libgcc.a(_muldi3.o)
 .debug_frame   0x0000000000002dc4       0x30 /usr/local/Cellar/gcc-arm-none-eabi-63/20170628/bin/../lib/gcc/arm-none-eabi/6.3.1/thumb/v6-m/libgcc.a(bpabi.o)
 .debug_frame   0x0000000000002df4       0x3c /usr/local/Cellar/gcc-arm-none-eabi-63/20170628/bin/../lib/gcc/arm-none-eabi/6.3.1/thumb/v6-m/libgcc.a(divsf3.o)
 .debug_frame   0x0000000000002e30       0x20 /usr/local/Cellar/gcc-arm-none-eabi-63/20170628/bin/../lib/gcc/arm-none-eabi/6.3.1/thumb/v6-m/libgcc.a(fixsfsi.o)
 .debug_frame   0x0000000000002e50       0x2c /usr/local/Cellar/gcc-arm-none-eabi-63/20170628/bin/../lib/gcc/arm-none-eabi/6.3.1/thumb/v6-m/libgcc.a(floatsisf.o)
 .debug_frame   0x0000000000002e7c       0x28 /usr/local/Cellar/gcc-arm-none-eabi-63/20170628/bin/../lib/gcc/arm-none-eabi/6.3.1/thumb/v6-m/libgcc.a(floatunsisf.o)
 .debug_frame   0x0000000000002ea4       0x3c /usr/local/Cellar/gcc-arm-none-eabi-63/20170628/bin/../lib/gcc/arm-none-eabi/6.3.1/thumb/v6-m/libgcc.a(divdf3.o)
 .debug_frame   0x0000000000002ee0       0x3c /usr/local/Cellar/gcc-arm-none-eabi-63/20170628/bin/../lib/gcc/arm-none-eabi/6.3.1/thumb/v6-m/libgcc.a(muldf3.o)
 .debug_frame   0x0000000000002f1c       0x2c /usr/local/Cellar/gcc-arm-none-eabi-63/20170628/bin/../lib/gcc/arm-none-eabi/6.3.1/thumb/v6-m/libgcc.a(fixdfsi.o)
 .debug_frame   0x0000000000002f48       0x28 /usr/local/Cellar/gcc-arm-none-eabi-63/20170628/bin/../lib/gcc/arm-none-eabi/6.3.1/thumb/v6-m/libgcc.a(floatunsidf.o)
 .debug_frame   0x0000000000002f70       0x2c /usr/local/Cellar/gcc-arm-none-eabi-63/20170628/bin/../lib/gcc/arm-none-eabi/6.3.1/thumb/v6-m/libgcc.a(extendsfdf2.o)
 .debug_frame   0x0000000000002f9c       0x30 /usr/local/Cellar/gcc-arm-none-eabi-63/20170628/bin/../lib/gcc/arm-none-eabi/6.3.1/thumb/v6-m/libgcc.a(truncdfsf2.o)
 .debug_frame   0x0000000000002fcc       0x3c /usr/local/Cellar/gcc-arm-none-eabi-63/20170628/bin/../lib/gcc/arm-none-eabi/6.3.1/thumb/v6-m/libgcc.a(_divdi3.o)
 .debug_frame   0x0000000000003008       0x2c /usr/local/Cellar/gcc-arm-none-eabi-63/20170628/bin/../lib/gcc/arm-none-eabi/6.3.1/../../../../arm-none-eabi/lib/thumb/v6-m/libg_nano.a(lib_a-init.o)
